Traceback (most recent call last):
  File "/home/todd/work/aspen-determinacy-stage18-20261007/aspen/determinacy/acd_stage18_data.py", line 67, in <module>
    generate()
  File "/home/todd/work/aspen-determinacy-stage18-20261007/aspen/determinacy/acd_stage18_data.py", line 57, in generate
    states = physics.simulate(np.repeat(h[:, -1]*SIGMA, 9, 0),
             ^^^^^^^^^^^^^^^^^^^^^^^^^^^^^^^^^^^^^^^^^^^^^^^^^
  File "/home/todd/work/aspen-forecast-decision-20261005/aspen/forecast_decision/physics.py", line 43, in simulate
    return paths(np.ascontiguousarray(initial),np.ascontiguousarray(forcing),dt,len(TICKS) if nticks is None else nticks)
           ^^^^^^^^^^^^^^^^^^^^^^^^^^^^^^^^^^^^^^^^^^^^^^^^^^^^^^^^^^^^^^^^^^^^^^^^^^^^^^^^^^^^^^^^^^^^^^^^^^^^^^^^^^^^^^
  File "/home/todd/work/aspen-determinacy-20261005/.venv/lib/python3.12/site-packages/numba/core/dispatcher.py", line 422, in _compile_for_args
    error_rewrite(e, 'typing')
  File "/home/todd/work/aspen-determinacy-20261005/.venv/lib/python3.12/site-packages/numba/core/dispatcher.py", line 363, in error_rewrite
    raise e.with_traceback(None)
numba.core.errors.TypingError: Failed in nopython mode pipeline (step: nopython frontend)
Cannot unify array(float32, 1d, C) and array(float64, 1d, C) for 'a.4', defined at /home/todd/work/aspen-forecast-decision-20261005/aspen/forecast_decision/physics.py (30)

File "../../../aspen-forecast-decision-20261005/aspen/forecast_decision/physics.py", line 30:
def paths(x,f,dt,nticks):
    <source elided>
        a=x[b].copy()
        for t in range(nticks):
        ^

During: typing of assignment at /home/todd/work/aspen-forecast-decision-20261005/aspen/forecast_decision/physics.py (30)

File "../../../aspen-forecast-decision-20261005/aspen/forecast_decision/physics.py", line 30:
def paths(x,f,dt,nticks):
    <source elided>
        a=x[b].copy()
        for t in range(nticks):
        ^

During: Pass nopython_type_inference
