CNN-noF-response-0-seed1 JVP 0 512 128
CNN-noF-response-0-seed1 JVP 1 2000 128
CNN-noF-response-0-seed1 JVP 2 2000 128
CNN-noF-response-0-seed1 JVP 3 512 128
CNN-noF-response-0-seed1 JVP 4 512 128
CNN-noF-response-0-seed1 JVP 5 2000 128
CNN-noF-response-0-seed1 JVP 6 512 128
CNN-noF-response-0-seed1 JVP 7 2000 128
CNN-noF-response-0-seed1 JVP 8 2000 128
CNN-noF-response-0-seed1 JVP 9 512 128
CNN-noF-response-0-seed1 JVP 10 2000 128
CNN-noF-response-0-seed1 JVP 11 512 128
CNN-noF-response-0-seed1 JVP 12 512 128
CNN-noF-response-0-seed1 JVP 13 2000 128
CNN-noF-response-0-seed1 JVP 14 2000 128
CNN-noF-response-0-seed1 JVP 15 2000 128
CNN-noF-response-0-seed1 JVP 16 2000 128
CNN-noF-response-0-seed1 JVP 17 512 128
CNN-noF-response-0-seed1 JVP 18 2000 128
CNN-noF-response-0-seed1 JVP 19 512 128
CNN-noF-response-0-seed1 JVP 20 512 128
CNN-noF-response-0-seed1 JVP 21 2000 128
CNN-noF-response-0-seed1 JVP 22 512 128
CNN-noF-response-0-seed1 JVP 23 2000 128
CNN-noF-response-0-seed1 JVP 24 2000 128
CNN-noF-response-0-seed1 JVP 25 512 128
CNN-noF-response-0-seed1 JVP 26 2000 128
CNN-noF-response-0-seed1 JVP 27 2000 128
CNN-noF-response-0-seed1 JVP 28 512 128
CNN-noF-response-0-seed1 JVP 29 2000 128
CNN-noF-response-0-seed1 JVP 30 2000 128
CNN-noF-response-0-seed1 JVP 31 2000 128
CNN-noF-response-0-seed1 JVP 32 2000 128
CNN-noF-response-0-seed1 JVP 33 512 128
CNN-noF-response-0-seed1 JVP 34 512 128
CNN-noF-response-0-seed1 JVP 35 2000 128
CNN-noF-response-0-seed1 JVP 36 2000 128
CNN-noF-response-0-seed1 JVP 37 512 128
CNN-noF-response-0-seed1 JVP 38 2000 128
CNN-noF-response-0-seed1 JVP 39 512 128
CNN-noF-response-0-seed1 JVP 40 512 128
CNN-noF-response-0-seed1 JVP 41 2000 128
CNN-noF-response-0-seed1 JVP 42 512 128
CNN-noF-response-0-seed1 JVP 43 512 128
CNN-noF-response-0-seed1 JVP 44 2000 128
CNN-noF-response-0-seed1 JVP 45 512 128
CNN-noF-response-0-seed1 JVP 46 512 128
CNN-noF-response-0-seed1 JVP 47 512 128
CNN-noF-response-0-seed1 JVP 48 2000 128
CNN-noF-response-0-seed1 JVP 49 512 128
CNN-noF-response-0-seed1 JVP 50 2000 128
CNN-noF-response-0-seed1 JVP 51 512 128
CNN-noF-response-0-seed1 JVP 52 2000 128
CNN-noF-response-0-seed1 JVP 53 2000 128
CNN-noF-response-0-seed1 JVP 54 2000 128
CNN-noF-response-0-seed1 JVP 55 512 128
CNN-noF-response-0-seed1 JVP 56 2000 128
CNN-noF-response-0-seed1 JVP 57 2000 128
CNN-noF-response-0-seed1 JVP 58 512 128
CNN-noF-response-0-seed1 JVP 59 2000 128
CNN-noF-response-0-seed1 JVP 60 512 128
CNN-noF-response-0-seed1 JVP 61 2000 128
CNN-noF-response-0-seed1 JVP 62 2000 128
CNN-noF-response-0-seed1 JVP 63 512 128
CNN-noF-response-0-seed1 JVP 64 512 128
CNN-noF-response-0-seed1 JVP 65 512 128
CNN-noF-response-0-seed1 JVP 66 2000 128
CNN-noF-response-0-seed1 JVP 67 512 128
CNN-noF-response-0-seed1 JVP 68 2000 128
CNN-noF-response-0-seed1 JVP 69 2000 128
CNN-noF-response-0-seed1 JVP 70 2000 128
CNN-noF-response-0-seed1 JVP 71 2000 128
CNN-noF-response-0-seed1 JVP 72 2000 128
CNN-noF-response-0-seed1 JVP 73 2000 128
CNN-noF-response-0-seed1 JVP 74 2000 128
CNN-noF-response-0-seed1 JVP 75 2000 128
CNN-noF-response-0-seed1 JVP 76 2000 128
CNN-noF-response-0-seed1 JVP 77 2000 128
CNN-noF-response-0-seed1 JVP 78 2000 128
CNN-noF-response-0-seed1 JVP 79 2000 128
CNN-noF-response-0-seed1 JVP 80 512 128
CNN-noF-response-0-seed1 JVP 81 2000 128
CNN-noF-response-0-seed1 JVP 82 2000 128
CNN-noF-response-0-seed1 JVP 83 512 128
CNN-noF-response-0-seed1 JVP 84 512 128
CNN-noF-response-0-seed1 JVP 85 2000 128
CNN-noF-response-0-seed1 JVP 86 2000 128
CNN-noF-response-0-seed1 JVP 87 512 128
CNN-noF-response-0-seed1 JVP 88 2000 128
CNN-noF-response-0-seed1 JVP 89 512 128
CNN-noF-response-0-seed1 JVP 90 2000 128
CNN-noF-response-0-seed1 JVP 91 512 128
CNN-noF-response-0-seed1 JVP 92 512 128
CNN-noF-response-0-seed1 JVP 93 2000 128
CNN-noF-response-0-seed1 JVP 94 2000 128
CNN-noF-response-0-seed1 JVP 95 512 128
CNN-noF-response-0-seed1 JVP 96 512 128
CNN-noF-response-0-seed1 JVP 97 2000 128
CNN-noF-response-0-seed1 JVP 98 2000 128
CNN-noF-response-0-seed1 JVP 99 2000 128
CNN-noF-response-0-seed1 JVP 100 512 128
CNN-noF-response-0-seed1 JVP 101 512 128
CNN-noF-response-0-seed1 JVP 102 512 128
CNN-noF-response-0-seed1 JVP 103 2000 128
CNN-noF-response-0-seed1 JVP 104 2000 128
CNN-noF-response-0-seed1 JVP 105 512 128
CNN-noF-response-0-seed1 JVP 106 2000 128
CNN-noF-response-0-seed1 JVP 107 512 128
CNN-noF-response-0-seed1 JVP 108 512 128
CNN-noF-response-0-seed1 JVP 109 2000 128
CNN-noF-response-0-seed1 JVP 110 512 128
CNN-noF-response-0-seed1 JVP 111 2000 128
CNN-noF-response-0-seed1 JVP 112 2000 128
CNN-noF-response-0-seed1 JVP 113 2000 128
CNN-noF-response-0-seed1 JVP 114 512 128
CNN-noF-response-0-seed1 JVP 115 2000 128
CNN-noF-response-0-seed1 JVP 116 2000 128
CNN-noF-response-0-seed1 JVP 117 2000 128
CNN-noF-response-0-seed1 JVP 118 512 128
CNN-noF-response-0-seed1 JVP 119 512 128
CNN-noF-response-0-seed1 JVP 120 512 128
CNN-noF-response-0-seed1 JVP 121 512 128
CNN-noF-response-0-seed1 JVP 122 512 128
CNN-noF-response-0-seed1 JVP 123 2000 128
CNN-noF-response-0-seed1 JVP 124 512 128
CNN-noF-response-0-seed1 JVP 125 2000 128
CNN-noF-response-0-seed1 JVP 126 512 128
CNN-noF-response-0-seed1 JVP 127 2000 128
CNN-noF-response-0-seed1 JVP 128 2000 128
CNN-noF-response-0-seed1 JVP 129 2000 128
CNN-noF-response-0-seed1 JVP 130 512 128
CNN-noF-response-0-seed1 JVP 131 512 128
CNN-noF-response-0-seed1 JVP 132 2000 128
CNN-noF-response-0-seed1 JVP 133 2000 128
CNN-noF-response-0-seed1 JVP 134 512 128
CNN-noF-response-0-seed1 JVP 135 2000 128
CNN-noF-response-0-seed1 JVP 136 2000 128
CNN-noF-response-0-seed1 JVP 137 2000 128
CNN-noF-response-0-seed1 JVP 138 2000 128
CNN-noF-response-0-seed1 JVP 139 2000 128
CNN-noF-response-0-seed1 JVP 140 512 128
CNN-noF-response-0-seed1 JVP 141 2000 128
CNN-noF-response-0-seed1 JVP 142 2000 128
CNN-noF-response-0-seed1 JVP 143 512 128
CNN-noF-response-0-seed1 JVP 144 2000 128
CNN-noF-response-0-seed1 JVP 145 2000 128
CNN-noF-response-0-seed1 JVP 146 512 128
CNN-noF-response-0-seed1 JVP 147 512 128
CNN-noF-response-0-seed1 JVP 148 512 128
CNN-noF-response-0-seed1 JVP 149 2000 128
CNN-noF-response-0-seed1 JVP 150 2000 128
CNN-noF-response-0-seed1 JVP 151 2000 128
CNN-noF-response-0-seed1 JVP 152 2000 128
CNN-noF-response-0-seed1 JVP 153 2000 128
CNN-noF-response-0-seed1 JVP 154 2000 128
CNN-noF-response-0-seed1 JVP 155 512 128
CNN-noF-response-0-seed1 JVP 156 2000 128
CNN-noF-response-0-seed1 JVP 157 512 128
CNN-noF-response-0-seed1 JVP 158 2000 128
CNN-noF-response-0-seed1 JVP 159 512 128
CNN-noF-response-0-seed1 JVP 160 2000 128
CNN-noF-response-0-seed1 JVP 161 512 128
CNN-noF-response-0-seed1 JVP 162 512 128
CNN-noF-response-0-seed1 JVP 163 2000 128
CNN-noF-response-0-seed1 JVP 164 512 128
CNN-noF-response-0-seed1 JVP 165 2000 128
CNN-noF-response-0-seed1 JVP 166 2000 128
CNN-noF-response-0-seed1 JVP 167 512 128
CNN-noF-response-0-seed1 JVP 168 2000 128
CNN-noF-response-0-seed1 JVP 169 2000 128
CNN-noF-response-0-seed1 JVP 170 512 128
CNN-noF-response-0-seed1 JVP 171 512 128
CNN-noF-response-0-seed1 JVP 172 2000 128
CNN-noF-response-0-seed1 JVP 173 512 128
CNN-noF-response-0-seed1 JVP 174 512 128
CNN-noF-response-0-seed1 JVP 175 512 128
CNN-noF-response-0-seed1 JVP 176 512 128
CNN-noF-response-0-seed1 JVP 177 2000 128
CNN-noF-response-0-seed1 JVP 178 512 128
CNN-noF-response-0-seed1 JVP 179 2000 128
CNN-noF-response-0-seed1 JVP 180 2000 128
CNN-noF-response-0-seed1 JVP 181 512 128
CNN-noF-response-0-seed1 JVP 182 2000 128
CNN-noF-response-0-seed1 JVP 183 512 128
CNN-noF-response-0-seed1 JVP 184 2000 128
CNN-noF-response-0-seed1 JVP 185 2000 128
CNN-noF-response-0-seed1 JVP 186 2000 128
CNN-noF-response-0-seed1 JVP 187 2000 128
CNN-noF-response-0-seed1 JVP 188 2000 128
CNN-noF-response-0-seed1 JVP 189 2000 128
CNN-noF-response-0-seed1 JVP 190 2000 128
CNN-noF-response-0-seed1 JVP 191 512 128
CNN-noF-response-0-seed1 JVP 192 2000 128
CNN-noF-response-0-seed1 JVP 193 512 128
CNN-noF-response-0-seed1 JVP 194 512 128
CNN-noF-response-0-seed1 JVP 195 512 128
CNN-noF-response-0-seed1 JVP 196 2000 128
CNN-noF-response-0-seed1 JVP 197 2000 128
CNN-noF-response-0-seed1 JVP 198 512 128
CNN-noF-response-0-seed1 JVP 199 2000 128
