CNN-F-meanF 0 512 256 3.9
CNN-F-meanF 1 512 256 3.66
CNN-F-meanF 2 512 256 3.61
CNN-F-meanF 3 512 256 3.61
CNN-F-meanF 4 512 256 3.61
CNN-F-meanF 5 512 256 3.6
CNN-F-meanF 6 2000 256 14.15
CNN-F-meanF 7 2000 256 14.23
CNN-F-meanF 8 2000 256 14.22
CNN-F-meanF 9 2000 256 14.23
CNN-F-meanF 10 2000 256 14.22
CNN-F-meanF 11 512 256 3.63
CNN-F-meanF 12 2000 256 14.26
CNN-F-meanF 13 512 256 3.66
CNN-F-meanF 14 512 256 3.66
CNN-F-meanF 15 2000 256 14.36
CNN-F-meanF 16 512 256 3.66
CNN-F-meanF 17 2000 256 14.36
CNN-F-meanF 18 512 256 3.67
CNN-F-meanF 19 2000 256 14.37
CNN-F-meanF 20 2000 256 14.42
CNN-F-meanF 21 2000 256 14.6
CNN-F-meanF 22 2000 256 14.66
CNN-F-meanF 23 2000 256 14.7
CNN-F-meanF 24 2000 256 14.75
CNN-F-meanF 25 2000 256 14.75
CNN-F-meanF 26 2000 256 14.83
CNN-F-meanF 27 2000 256 14.82
CNN-F-meanF 28 512 256 3.76
CNN-F-meanF 29 2000 256 14.83
CNN-F-meanF 30 512 256 3.76
CNN-F-meanF 31 2000 256 14.88
CNN-F-meanF 32 512 256 3.77
CNN-F-meanF 33 512 256 3.78
CNN-F-meanF 34 512 256 3.79
CNN-F-meanF 35 2000 256 14.79
CNN-F-meanF 36 2000 256 14.85
CNN-F-meanF 37 2000 256 14.83
CNN-F-meanF 38 2000 256 14.84
CNN-F-meanF 39 2000 256 14.83
CNN-F-meanF 40 2000 256 14.83
CNN-F-meanF 41 2000 256 14.81
CNN-F-meanF 42 2000 256 14.83
CNN-F-meanF 43 2000 256 14.84
CNN-F-meanF 44 2000 256 14.84
CNN-F-meanF 45 2000 256 14.8
CNN-F-meanF 46 2000 256 14.84
CNN-F-meanF 47 512 256 3.78
CNN-F-meanF 48 512 256 3.78
CNN-F-meanF 49 512 256 3.78
CNN-F-meanF 50 512 256 3.79
CNN-F-meanF 51 2000 256 14.85
CNN-F-meanF 52 512 256 3.79
CNN-F-meanF 53 2000 256 14.85
CNN-F-meanF 54 2000 256 14.86
CNN-F-meanF 55 2000 256 14.85
CNN-F-meanF 56 512 256 3.79
CNN-F-meanF 57 2000 256 14.85
CNN-F-meanF 58 2000 256 14.92
CNN-F-meanF 59 512 256 3.83
CNN-F-meanF 60 2000 256 14.91
CNN-F-meanF 61 512 256 3.79
CNN-F-meanF 62 2000 256 14.88
CNN-F-meanF 63 2000 256 14.85
CNN-F-meanF 64 2000 256 14.86
CNN-F-meanF 65 2000 256 14.91
CNN-F-meanF 66 2000 256 14.85
CNN-F-meanF 67 2000 256 14.91
CNN-F-meanF 68 512 256 3.78
CNN-F-meanF 69 512 256 3.78
CNN-F-meanF 70 512 256 3.79
CNN-F-meanF 71 2000 256 14.91
CNN-F-meanF 72 2000 256 14.84
CNN-F-meanF 73 2000 256 14.86
CNN-F-meanF 74 512 256 3.78
CNN-F-meanF 75 512 256 3.79
CNN-F-meanF 76 2000 256 14.87
CNN-F-meanF 77 2000 256 14.94
CNN-F-meanF 78 512 256 3.79
CNN-F-meanF 79 2000 256 14.83
CNN-F-meanF 80 512 256 3.79
CNN-F-meanF 81 512 256 3.79
CNN-F-meanF 82 512 256 3.8
CNN-F-meanF 83 2000 256 14.87
CNN-F-meanF 84 2000 256 14.98
CNN-F-meanF 85 2000 256 14.95
CNN-F-meanF 86 512 256 3.8
CNN-F-meanF 87 2000 256 14.84
CNN-F-meanF 88 512 256 3.81
CNN-F-meanF 89 512 256 3.81
CNN-F-meanF 90 2000 256 14.91
CNN-F-meanF 91 2000 256 14.84
CNN-F-meanF 92 512 256 3.8
CNN-F-meanF 93 2000 256 14.87
CNN-F-meanF 94 512 256 3.79
CNN-F-meanF 95 512 256 3.8
CNN-F-meanF 96 2000 256 14.84
CNN-F-meanF 97 2000 256 14.91
CNN-F-meanF 98 2000 256 14.92
CNN-F-meanF 99 512 256 3.79
CNN-F-meanF 100 2000 256 14.84
CNN-F-meanF 101 2000 256 14.9
CNN-F-meanF 102 2000 256 14.94
CNN-F-meanF 103 2000 256 14.84
CNN-F-meanF 104 512 256 3.79
CNN-F-meanF 105 2000 256 14.85
CNN-F-meanF 106 2000 256 14.89
CNN-F-meanF 107 2000 256 14.85
CNN-F-meanF 108 2000 256 14.92
CNN-F-meanF 109 512 256 3.81
CNN-F-meanF 110 2000 256 14.93
CNN-F-meanF 111 512 256 3.79
CNN-F-meanF 112 2000 256 14.96
CNN-F-meanF 113 512 256 3.78
CNN-F-meanF 114 512 256 3.79
CNN-F-meanF 115 2000 256 14.91
CNN-F-meanF 116 2000 256 14.92
CNN-F-meanF 117 2000 256 14.91
CNN-F-meanF 118 2000 256 14.84
CNN-F-meanF 119 2000 256 14.89
CNN-F-meanF 120 512 256 3.79
CNN-F-meanF 121 2000 256 14.85
CNN-F-meanF 122 512 256 3.79
CNN-F-meanF 123 512 256 3.83
CNN-F-meanF 124 2000 256 14.86
CNN-F-meanF 125 2000 256 14.93
CNN-F-meanF 126 512 256 3.79
CNN-F-meanF 127 512 256 3.8
CNN-F-meanF 128 2000 256 14.88
CNN-F-meanF 129 512 256 3.79
CNN-F-meanF 130 512 256 3.79
CNN-F-meanF 131 2000 256 14.85
CNN-F-meanF 132 2000 256 14.97
CNN-F-meanF 133 512 256 3.8
CNN-F-meanF 134 2000 256 14.9
CNN-F-meanF 135 2000 256 14.85
CNN-F-meanF 136 2000 256 14.98
CNN-F-meanF 137 2000 256 14.85
CNN-F-meanF 138 512 256 3.81
CNN-F-meanF 139 2000 256 14.86
CNN-F-meanF 140 2000 256 14.87
CNN-F-meanF 141 2000 256 14.91
CNN-F-meanF 142 512 256 3.81
CNN-F-meanF 143 2000 256 14.91
CNN-F-meanF 144 512 256 3.79
CNN-F-meanF 145 2000 256 14.87
CNN-F-meanF 146 2000 256 14.99
CNN-F-meanF 147 512 256 3.8
CNN-F-meanF 148 512 256 3.8
CNN-F-meanF 149 2000 256 14.89
CNN-F-meanF 150 512 256 3.79
CNN-F-meanF 151 512 256 3.79
CNN-F-meanF 152 2000 256 14.95
CNN-F-meanF 153 2000 256 14.88
CNN-F-meanF 154 512 256 3.79
CNN-F-meanF 155 2000 256 14.84
CNN-F-meanF 156 2000 256 14.96
CNN-F-meanF 157 2000 256 14.88
CNN-F-meanF 158 512 256 3.79
CNN-F-meanF 159 2000 256 14.91
CNN-F-meanF 160 2000 256 14.93
CNN-F-meanF 161 512 256 3.79
CNN-F-meanF 162 2000 256 14.87
CNN-F-meanF 163 2000 256 14.83
CNN-F-meanF 164 2000 256 14.86
CNN-F-meanF 165 512 256 3.8
CNN-F-meanF 166 2000 256 14.91
CNN-F-meanF 167 2000 256 14.86
CNN-F-meanF 168 2000 256 14.92
CNN-F-meanF 169 512 256 3.8
CNN-F-meanF 170 2000 256 14.86
CNN-F-meanF 171 512 256 3.79
CNN-F-meanF 172 512 256 3.79
CNN-F-meanF 173 2000 256 14.94
CNN-F-meanF 174 512 256 3.81
CNN-F-meanF 175 512 256 3.81
CNN-F-meanF 176 512 256 3.8
CNN-F-meanF 177 512 256 3.79
CNN-F-meanF 178 2000 256 15.0
CNN-F-meanF 179 2000 256 14.93
CNN-F-meanF 180 2000 256 14.85
CNN-F-meanF 181 2000 256 14.94
CNN-F-meanF 182 512 256 3.78
CNN-F-meanF 183 512 256 3.8
CNN-F-meanF 184 2000 256 14.86
CNN-F-meanF 185 2000 256 14.86
CNN-F-meanF 186 2000 256 14.88
CNN-F-meanF 187 2000 256 14.89
CNN-F-meanF 188 2000 256 14.85
CNN-F-meanF 189 512 256 3.82
CNN-F-meanF 190 2000 256 14.95
CNN-F-meanF 191 2000 256 14.84
CNN-F-meanF 192 512 256 3.81
CNN-F-meanF 193 2000 256 14.94
CNN-F-meanF 194 2000 256 14.86
CNN-F-meanF 195 2000 256 14.85
CNN-F-meanF 196 2000 256 14.85
CNN-F-meanF 197 512 256 3.79
CNN-F-meanF 198 512 256 3.79
CNN-F-meanF 199 512 256 3.79
