CNN-F-seed2 0 512 256 3.92
CNN-F-seed2 1 512 256 3.63
CNN-F-seed2 2 512 256 3.64
CNN-F-seed2 3 512 256 3.64
CNN-F-seed2 4 512 256 3.64
CNN-F-seed2 5 512 256 3.64
CNN-F-seed2 6 2000 256 14.26
CNN-F-seed2 7 2000 256 14.26
CNN-F-seed2 8 2000 256 14.27
CNN-F-seed2 9 2000 256 14.35
CNN-F-seed2 10 2000 256 14.34
CNN-F-seed2 11 512 256 3.66
CNN-F-seed2 12 2000 256 14.36
CNN-F-seed2 13 512 256 3.66
CNN-F-seed2 14 512 256 3.67
CNN-F-seed2 15 2000 256 14.5
CNN-F-seed2 16 512 256 3.72
CNN-F-seed2 17 2000 256 14.64
CNN-F-seed2 18 512 256 3.75
CNN-F-seed2 19 2000 256 14.78
CNN-F-seed2 20 2000 256 14.76
CNN-F-seed2 21 2000 256 14.86
CNN-F-seed2 22 2000 256 14.83
CNN-F-seed2 23 2000 256 14.81
CNN-F-seed2 24 2000 256 14.85
CNN-F-seed2 25 2000 256 14.81
CNN-F-seed2 26 2000 256 14.84
CNN-F-seed2 27 2000 256 14.8
CNN-F-seed2 28 512 256 3.78
CNN-F-seed2 29 2000 256 14.84
CNN-F-seed2 30 512 256 3.78
CNN-F-seed2 31 2000 256 14.84
CNN-F-seed2 32 512 256 3.81
CNN-F-seed2 33 512 256 3.81
CNN-F-seed2 34 512 256 3.81
CNN-F-seed2 35 2000 256 14.85
CNN-F-seed2 36 2000 256 14.88
CNN-F-seed2 37 2000 256 14.89
CNN-F-seed2 38 2000 256 14.89
CNN-F-seed2 39 2000 256 14.83
CNN-F-seed2 40 2000 256 14.88
CNN-F-seed2 41 2000 256 14.84
CNN-F-seed2 42 2000 256 14.91
CNN-F-seed2 43 2000 256 14.84
CNN-F-seed2 44 2000 256 14.88
CNN-F-seed2 45 2000 256 14.85
CNN-F-seed2 46 2000 256 14.83
CNN-F-seed2 47 512 256 3.78
CNN-F-seed2 48 512 256 3.81
CNN-F-seed2 49 512 256 3.81
CNN-F-seed2 50 512 256 3.82
CNN-F-seed2 51 2000 256 14.88
CNN-F-seed2 52 512 256 3.78
CNN-F-seed2 53 2000 256 14.84
CNN-F-seed2 54 2000 256 14.87
CNN-F-seed2 55 2000 256 14.84
CNN-F-seed2 56 512 256 3.79
CNN-F-seed2 57 2000 256 14.97
CNN-F-seed2 58 2000 256 14.88
CNN-F-seed2 59 512 256 3.79
CNN-F-seed2 60 2000 256 14.84
CNN-F-seed2 61 512 256 3.8
CNN-F-seed2 62 2000 256 14.92
CNN-F-seed2 63 2000 256 14.83
CNN-F-seed2 64 2000 256 14.9
CNN-F-seed2 65 2000 256 14.89
CNN-F-seed2 66 2000 256 15.02
CNN-F-seed2 67 2000 256 14.94
CNN-F-seed2 68 512 256 3.78
CNN-F-seed2 69 512 256 3.8
CNN-F-seed2 70 512 256 3.8
CNN-F-seed2 71 2000 256 14.89
CNN-F-seed2 72 2000 256 14.91
CNN-F-seed2 73 2000 256 14.85
CNN-F-seed2 74 512 256 3.79
CNN-F-seed2 75 512 256 3.79
CNN-F-seed2 76 2000 256 14.96
CNN-F-seed2 77 2000 256 14.89
CNN-F-seed2 78 512 256 3.79
CNN-F-seed2 79 2000 256 14.89
CNN-F-seed2 80 512 256 3.79
CNN-F-seed2 81 512 256 3.79
CNN-F-seed2 82 512 256 3.79
CNN-F-seed2 83 2000 256 14.93
CNN-F-seed2 84 2000 256 14.86
CNN-F-seed2 85 2000 256 14.85
CNN-F-seed2 86 512 256 3.8
CNN-F-seed2 87 2000 256 14.85
CNN-F-seed2 88 512 256 3.79
CNN-F-seed2 89 512 256 3.8
CNN-F-seed2 90 2000 256 14.86
CNN-F-seed2 91 2000 256 14.95
CNN-F-seed2 92 512 256 3.78
CNN-F-seed2 93 2000 256 14.83
CNN-F-seed2 94 512 256 3.8
CNN-F-seed2 95 512 256 3.82
CNN-F-seed2 96 2000 256 14.91
CNN-F-seed2 97 2000 256 14.82
CNN-F-seed2 98 2000 256 14.87
CNN-F-seed2 99 512 256 3.78
CNN-F-seed2 100 2000 256 14.83
CNN-F-seed2 101 2000 256 14.89
CNN-F-seed2 102 2000 256 14.83
CNN-F-seed2 103 2000 256 14.89
CNN-F-seed2 104 512 256 3.77
CNN-F-seed2 105 2000 256 14.84
CNN-F-seed2 106 2000 256 14.83
CNN-F-seed2 107 2000 256 14.84
CNN-F-seed2 108 2000 256 14.87
CNN-F-seed2 109 512 256 3.77
CNN-F-seed2 110 2000 256 14.81
CNN-F-seed2 111 512 256 3.78
CNN-F-seed2 112 2000 256 14.84
CNN-F-seed2 113 512 256 3.8
CNN-F-seed2 114 512 256 3.81
CNN-F-seed2 115 2000 256 14.85
CNN-F-seed2 116 2000 256 14.86
CNN-F-seed2 117 2000 256 14.87
CNN-F-seed2 118 2000 256 14.83
CNN-F-seed2 119 2000 256 14.85
CNN-F-seed2 120 512 256 3.78
CNN-F-seed2 121 2000 256 14.91
CNN-F-seed2 122 512 256 3.79
CNN-F-seed2 123 512 256 3.79
CNN-F-seed2 124 2000 256 14.85
CNN-F-seed2 125 2000 256 14.83
CNN-F-seed2 126 512 256 3.79
CNN-F-seed2 127 512 256 3.79
CNN-F-seed2 128 2000 256 14.94
CNN-F-seed2 129 512 256 3.78
CNN-F-seed2 130 512 256 3.83
CNN-F-seed2 131 2000 256 14.89
CNN-F-seed2 132 2000 256 14.88
CNN-F-seed2 133 512 256 3.77
CNN-F-seed2 134 2000 256 14.83
CNN-F-seed2 135 2000 256 14.94
CNN-F-seed2 136 2000 256 14.9
CNN-F-seed2 137 2000 256 14.82
CNN-F-seed2 138 512 256 3.79
CNN-F-seed2 139 2000 256 14.84
CNN-F-seed2 140 2000 256 14.9
CNN-F-seed2 141 2000 256 14.82
CNN-F-seed2 142 512 256 3.79
CNN-F-seed2 143 2000 256 14.91
CNN-F-seed2 144 512 256 3.78
CNN-F-seed2 145 2000 256 14.9
CNN-F-seed2 146 2000 256 14.85
CNN-F-seed2 147 512 256 3.79
CNN-F-seed2 148 512 256 3.79
CNN-F-seed2 149 2000 256 14.85
CNN-F-seed2 150 512 256 3.79
CNN-F-seed2 151 512 256 3.8
CNN-F-seed2 152 2000 256 14.89
CNN-F-seed2 153 2000 256 14.93
CNN-F-seed2 154 512 256 3.8
CNN-F-seed2 155 2000 256 14.9
CNN-F-seed2 156 2000 256 14.92
CNN-F-seed2 157 2000 256 14.9
CNN-F-seed2 158 512 256 3.79
CNN-F-seed2 159 2000 256 14.88
CNN-F-seed2 160 2000 256 14.84
CNN-F-seed2 161 512 256 3.78
CNN-F-seed2 162 2000 256 14.91
CNN-F-seed2 163 2000 256 14.87
CNN-F-seed2 164 2000 256 14.9
CNN-F-seed2 165 512 256 3.77
CNN-F-seed2 166 2000 256 14.82
CNN-F-seed2 167 2000 256 14.88
CNN-F-seed2 168 2000 256 14.85
CNN-F-seed2 169 512 256 3.78
CNN-F-seed2 170 2000 256 14.82
CNN-F-seed2 171 512 256 3.78
CNN-F-seed2 172 512 256 3.78
CNN-F-seed2 173 2000 256 14.86
CNN-F-seed2 174 512 256 3.8
CNN-F-seed2 175 512 256 3.81
CNN-F-seed2 176 512 256 3.81
CNN-F-seed2 177 512 256 3.81
CNN-F-seed2 178 2000 256 14.85
CNN-F-seed2 179 2000 256 14.9
CNN-F-seed2 180 2000 256 14.86
CNN-F-seed2 181 2000 256 14.83
CNN-F-seed2 182 512 256 3.8
CNN-F-seed2 183 512 256 3.79
CNN-F-seed2 184 2000 256 14.85
CNN-F-seed2 185 2000 256 14.84
CNN-F-seed2 186 2000 256 14.88
CNN-F-seed2 187 2000 256 14.87
CNN-F-seed2 188 2000 256 14.82
CNN-F-seed2 189 512 256 3.78
CNN-F-seed2 190 2000 256 14.82
CNN-F-seed2 191 2000 256 14.83
CNN-F-seed2 192 512 256 3.78
CNN-F-seed2 193 2000 256 14.84
CNN-F-seed2 194 2000 256 14.83
CNN-F-seed2 195 2000 256 14.9
CNN-F-seed2 196 2000 256 14.83
CNN-F-seed2 197 512 256 3.78
CNN-F-seed2 198 512 256 3.78
CNN-F-seed2 199 512 256 3.79
