CNN-F-ownF 0 512 256 3.85
CNN-F-ownF 1 512 256 3.6
CNN-F-ownF 2 512 256 3.62
CNN-F-ownF 3 512 256 3.62
CNN-F-ownF 4 512 256 3.62
CNN-F-ownF 5 512 256 3.62
CNN-F-ownF 6 2000 256 14.17
CNN-F-ownF 7 2000 256 14.18
CNN-F-ownF 8 2000 256 14.29
CNN-F-ownF 9 2000 256 14.28
CNN-F-ownF 10 2000 256 14.34
CNN-F-ownF 11 512 256 3.68
CNN-F-ownF 12 2000 256 14.42
CNN-F-ownF 13 512 256 3.68
CNN-F-ownF 14 512 256 3.72
CNN-F-ownF 15 2000 256 14.74
CNN-F-ownF 16 512 256 3.81
CNN-F-ownF 17 2000 256 15.03
CNN-F-ownF 18 512 256 3.87
CNN-F-ownF 19 2000 256 15.3
CNN-F-ownF 20 2000 256 15.31
CNN-F-ownF 21 2000 256 15.44
CNN-F-ownF 22 2000 256 15.48
CNN-F-ownF 23 2000 256 15.52
CNN-F-ownF 24 2000 256 15.6
CNN-F-ownF 25 2000 256 15.67
CNN-F-ownF 26 2000 256 15.67
CNN-F-ownF 27 2000 256 15.67
CNN-F-ownF 28 512 256 4.0
CNN-F-ownF 29 2000 256 15.77
CNN-F-ownF 30 512 256 4.0
CNN-F-ownF 31 2000 256 15.81
CNN-F-ownF 32 512 256 4.03
CNN-F-ownF 33 512 256 4.04
CNN-F-ownF 34 512 256 4.0
CNN-F-ownF 35 2000 256 15.72
CNN-F-ownF 36 2000 256 15.73
CNN-F-ownF 37 2000 256 15.73
CNN-F-ownF 38 2000 256 15.77
CNN-F-ownF 39 2000 256 15.67
CNN-F-ownF 40 2000 256 15.89
CNN-F-ownF 41 2000 256 15.74
CNN-F-ownF 42 2000 256 15.71
CNN-F-ownF 43 2000 256 15.76
CNN-F-ownF 44 2000 256 15.76
CNN-F-ownF 45 2000 256 15.84
CNN-F-ownF 46 2000 256 15.89
CNN-F-ownF 47 512 256 4.06
CNN-F-ownF 48 512 256 4.06
CNN-F-ownF 49 512 256 4.06
CNN-F-ownF 50 512 256 4.07
CNN-F-ownF 51 2000 256 15.92
CNN-F-ownF 52 512 256 4.09
CNN-F-ownF 53 2000 256 16.0
CNN-F-ownF 54 2000 256 15.84
CNN-F-ownF 55 2000 256 15.98
CNN-F-ownF 56 512 256 4.04
CNN-F-ownF 57 2000 256 15.95
CNN-F-ownF 58 2000 256 15.95
CNN-F-ownF 59 512 256 4.02
CNN-F-ownF 60 2000 256 15.75
CNN-F-ownF 61 512 256 4.06
CNN-F-ownF 62 2000 256 15.81
CNN-F-ownF 63 2000 256 15.97
CNN-F-ownF 64 2000 256 15.85
CNN-F-ownF 65 2000 256 15.84
CNN-F-ownF 66 2000 256 15.83
CNN-F-ownF 67 2000 256 15.76
CNN-F-ownF 68 512 256 4.0
CNN-F-ownF 69 512 256 4.08
CNN-F-ownF 70 512 256 4.08
CNN-F-ownF 71 2000 256 15.97
CNN-F-ownF 72 2000 256 15.96
CNN-F-ownF 73 2000 256 15.77
CNN-F-ownF 74 512 256 4.06
CNN-F-ownF 75 512 256 4.04
CNN-F-ownF 76 2000 256 15.92
CNN-F-ownF 77 2000 256 15.92
CNN-F-ownF 78 512 256 4.06
CNN-F-ownF 79 2000 256 15.92
CNN-F-ownF 80 512 256 4.04
CNN-F-ownF 81 512 256 4.08
CNN-F-ownF 82 512 256 4.09
CNN-F-ownF 83 2000 256 15.99
CNN-F-ownF 84 2000 256 15.78
CNN-F-ownF 85 2000 256 15.82
CNN-F-ownF 86 512 256 4.09
CNN-F-ownF 87 2000 256 15.83
CNN-F-ownF 88 512 256 4.05
CNN-F-ownF 89 512 256 4.08
CNN-F-ownF 90 2000 256 15.96
CNN-F-ownF 91 2000 256 15.81
CNN-F-ownF 92 512 256 4.04
CNN-F-ownF 93 2000 256 15.83
CNN-F-ownF 94 512 256 4.01
CNN-F-ownF 95 512 256 4.08
CNN-F-ownF 96 2000 256 15.99
CNN-F-ownF 97 2000 256 15.71
CNN-F-ownF 98 2000 256 15.84
CNN-F-ownF 99 512 256 4.04
CNN-F-ownF 100 2000 256 15.88
CNN-F-ownF 101 2000 256 16.0
CNN-F-ownF 102 2000 256 16.08
CNN-F-ownF 103 2000 256 15.91
CNN-F-ownF 104 512 256 4.04
CNN-F-ownF 105 2000 256 15.83
CNN-F-ownF 106 2000 256 15.92
CNN-F-ownF 107 2000 256 16.02
CNN-F-ownF 108 2000 256 15.96
CNN-F-ownF 109 512 256 4.06
CNN-F-ownF 110 2000 256 16.06
CNN-F-ownF 111 512 256 4.07
CNN-F-ownF 112 2000 256 15.93
CNN-F-ownF 113 512 256 4.04
CNN-F-ownF 114 512 256 4.04
CNN-F-ownF 115 2000 256 15.84
CNN-F-ownF 116 2000 256 15.96
CNN-F-ownF 117 2000 256 15.85
CNN-F-ownF 118 2000 256 16.02
CNN-F-ownF 119 2000 256 15.88
CNN-F-ownF 120 512 256 4.09
CNN-F-ownF 121 2000 256 16.02
CNN-F-ownF 122 512 256 4.04
CNN-F-ownF 123 512 256 4.05
CNN-F-ownF 124 2000 256 15.93
CNN-F-ownF 125 2000 256 15.91
CNN-F-ownF 126 512 256 4.07
CNN-F-ownF 127 512 256 4.13
CNN-F-ownF 128 2000 256 15.94
CNN-F-ownF 129 512 256 4.07
CNN-F-ownF 130 512 256 4.07
CNN-F-ownF 131 2000 256 16.01
CNN-F-ownF 132 2000 256 15.99
CNN-F-ownF 133 512 256 4.12
CNN-F-ownF 134 2000 256 15.95
CNN-F-ownF 135 2000 256 16.11
CNN-F-ownF 136 2000 256 15.84
CNN-F-ownF 137 2000 256 15.88
CNN-F-ownF 138 512 256 4.08
CNN-F-ownF 139 2000 256 15.98
CNN-F-ownF 140 2000 256 15.99
CNN-F-ownF 141 2000 256 15.98
CNN-F-ownF 142 512 256 4.08
CNN-F-ownF 143 2000 256 15.98
CNN-F-ownF 144 512 256 4.08
CNN-F-ownF 145 2000 256 15.98
CNN-F-ownF 146 2000 256 15.97
CNN-F-ownF 147 512 256 4.08
CNN-F-ownF 148 512 256 4.08
CNN-F-ownF 149 2000 256 15.98
CNN-F-ownF 150 512 256 4.05
CNN-F-ownF 151 512 256 4.05
CNN-F-ownF 152 2000 256 15.91
CNN-F-ownF 153 2000 256 15.98
CNN-F-ownF 154 512 256 4.08
CNN-F-ownF 155 2000 256 15.98
CNN-F-ownF 156 2000 256 15.99
CNN-F-ownF 157 2000 256 15.93
CNN-F-ownF 158 512 256 4.06
CNN-F-ownF 159 2000 256 16.04
CNN-F-ownF 160 2000 256 15.87
CNN-F-ownF 161 512 256 4.05
CNN-F-ownF 162 2000 256 16.0
CNN-F-ownF 163 2000 256 16.1
CNN-F-ownF 164 2000 256 15.89
CNN-F-ownF 165 512 256 4.04
CNN-F-ownF 166 2000 256 15.85
CNN-F-ownF 167 2000 256 15.99
CNN-F-ownF 168 2000 256 15.94
CNN-F-ownF 169 512 256 4.09
CNN-F-ownF 170 2000 256 15.95
CNN-F-ownF 171 512 256 4.12
CNN-F-ownF 172 512 256 4.12
CNN-F-ownF 173 2000 256 15.92
CNN-F-ownF 174 512 256 4.06
CNN-F-ownF 175 512 256 4.06
CNN-F-ownF 176 512 256 4.06
CNN-F-ownF 177 512 256 4.06
CNN-F-ownF 178 2000 256 15.92
CNN-F-ownF 179 2000 256 15.84
CNN-F-ownF 180 2000 256 15.93
CNN-F-ownF 181 2000 256 15.85
CNN-F-ownF 182 512 256 4.05
CNN-F-ownF 183 512 256 4.09
CNN-F-ownF 184 2000 256 15.93
CNN-F-ownF 185 2000 256 15.84
CNN-F-ownF 186 2000 256 15.95
CNN-F-ownF 187 2000 256 15.85
CNN-F-ownF 188 2000 256 16.04
CNN-F-ownF 189 512 256 4.11
CNN-F-ownF 190 2000 256 15.96
CNN-F-ownF 191 2000 256 16.09
CNN-F-ownF 192 512 256 4.11
CNN-F-ownF 193 2000 256 16.11
CNN-F-ownF 194 2000 256 16.22
CNN-F-ownF 195 2000 256 16.11
CNN-F-ownF 196 2000 256 16.46
CNN-F-ownF 197 512 256 4.14
CNN-F-ownF 198 512 256 4.16
CNN-F-ownF 199 512 256 4.17
