CNN-20k 0 512 256 4.06
CNN-20k 1 512 256 3.78
CNN-20k 2 512 256 3.75
CNN-20k 3 512 256 3.75
CNN-20k 4 512 256 3.75
CNN-20k 5 512 256 3.75
CNN-20k 6 2000 256 14.72
CNN-20k 7 2000 256 14.71
CNN-20k 8 2000 256 14.7
CNN-20k 9 2000 256 14.7
CNN-20k 10 2000 256 14.7
CNN-20k 11 512 256 3.75
CNN-20k 12 2000 256 14.71
CNN-20k 13 512 256 3.75
CNN-20k 14 512 256 3.76
CNN-20k 15 2000 256 14.7
CNN-20k 16 512 256 3.75
CNN-20k 17 2000 256 14.73
CNN-20k 18 512 256 3.76
CNN-20k 19 2000 256 14.71
CNN-20k 20 2000 256 14.69
CNN-20k 21 2000 256 14.73
CNN-20k 22 2000 256 14.82
CNN-20k 23 2000 256 15.02
CNN-20k 24 2000 256 15.14
CNN-20k 25 2000 256 15.27
CNN-20k 26 2000 256 15.31
CNN-20k 27 2000 256 15.43
CNN-20k 28 512 256 3.93
CNN-20k 29 2000 256 15.45
CNN-20k 30 512 256 3.93
CNN-20k 31 2000 256 15.45
CNN-20k 32 512 256 3.94
CNN-20k 33 512 256 3.95
CNN-20k 34 512 256 3.94
CNN-20k 35 2000 256 15.66
CNN-20k 36 2000 256 15.6
CNN-20k 37 2000 256 15.38
CNN-20k 38 2000 256 15.57
CNN-20k 39 2000 256 15.45
CNN-20k 40 2000 256 15.44
CNN-20k 41 2000 256 15.64
CNN-20k 42 2000 256 15.42
CNN-20k 43 2000 256 15.44
CNN-20k 44 2000 256 15.59
CNN-20k 45 2000 256 15.55
CNN-20k 46 2000 256 15.63
CNN-20k 47 512 256 3.96
CNN-20k 48 512 256 3.96
CNN-20k 49 512 256 3.97
CNN-20k 50 512 256 3.97
CNN-20k 51 2000 256 15.69
CNN-20k 52 512 256 4.01
CNN-20k 53 2000 256 15.72
CNN-20k 54 2000 256 15.65
CNN-20k 55 2000 256 15.67
CNN-20k 56 512 256 4.01
CNN-20k 57 2000 256 15.69
CNN-20k 58 2000 256 15.57
CNN-20k 59 512 256 4.0
CNN-20k 60 2000 256 15.7
CNN-20k 61 512 256 3.98
CNN-20k 62 2000 256 15.73
CNN-20k 63 2000 256 15.45
CNN-20k 64 2000 256 15.67
CNN-20k 65 2000 256 15.54
CNN-20k 66 2000 256 15.54
CNN-20k 67 2000 256 15.52
CNN-20k 68 512 256 3.95
CNN-20k 69 512 256 4.01
CNN-20k 70 512 256 4.01
CNN-20k 71 2000 256 15.7
CNN-20k 72 2000 256 15.47
CNN-20k 73 2000 256 15.64
CNN-20k 74 512 256 3.99
CNN-20k 75 512 256 4.02
CNN-20k 76 2000 256 15.64
CNN-20k 77 2000 256 15.67
CNN-20k 78 512 256 3.99
CNN-20k 79 2000 256 15.62
CNN-20k 80 512 256 3.99
CNN-20k 81 512 256 4.0
CNN-20k 82 512 256 4.0
CNN-20k 83 2000 256 15.65
CNN-20k 84 2000 256 15.65
CNN-20k 85 2000 256 15.66
CNN-20k 86 512 256 4.0
CNN-20k 87 2000 256 15.66
CNN-20k 88 512 256 4.0
CNN-20k 89 512 256 3.99
CNN-20k 90 2000 256 15.58
CNN-20k 91 2000 256 15.59
CNN-20k 92 512 256 3.98
CNN-20k 93 2000 256 15.59
CNN-20k 94 512 256 3.99
CNN-20k 95 512 256 4.0
CNN-20k 96 2000 256 15.69
CNN-20k 97 2000 256 15.58
CNN-20k 98 2000 256 15.53
CNN-20k 99 512 256 3.95
CNN-20k 100 2000 256 15.58
CNN-20k 101 2000 256 15.63
CNN-20k 102 2000 256 15.67
CNN-20k 103 2000 256 15.7
CNN-20k 104 512 256 3.99
CNN-20k 105 2000 256 15.67
CNN-20k 106 2000 256 15.65
CNN-20k 107 2000 256 15.63
CNN-20k 108 2000 256 15.69
CNN-20k 109 512 256 3.98
CNN-20k 110 2000 256 15.8
CNN-20k 111 512 256 3.99
CNN-20k 112 2000 256 15.67
CNN-20k 113 512 256 3.98
CNN-20k 114 512 256 3.99
CNN-20k 115 2000 256 15.64
CNN-20k 116 2000 256 15.64
CNN-20k 117 2000 256 15.71
CNN-20k 118 2000 256 15.62
CNN-20k 119 2000 256 15.67
CNN-20k 120 512 256 3.98
CNN-20k 121 2000 256 15.65
CNN-20k 122 512 256 4.0
CNN-20k 123 512 256 4.02
CNN-20k 124 2000 256 15.74
CNN-20k 125 2000 256 15.65
CNN-20k 126 512 256 3.99
CNN-20k 127 512 256 3.99
CNN-20k 128 2000 256 15.84
CNN-20k 129 512 256 3.97
CNN-20k 130 512 256 4.0
CNN-20k 131 2000 256 15.65
CNN-20k 132 2000 256 15.72
CNN-20k 133 512 256 3.99
CNN-20k 134 2000 256 15.69
CNN-20k 135 2000 256 15.83
CNN-20k 136 2000 256 15.65
CNN-20k 137 2000 256 15.71
CNN-20k 138 512 256 4.0
CNN-20k 139 2000 256 15.66
CNN-20k 140 2000 256 15.66
CNN-20k 141 2000 256 15.72
CNN-20k 142 512 256 3.99
CNN-20k 143 2000 256 15.64
CNN-20k 144 512 256 3.99
CNN-20k 145 2000 256 15.68
CNN-20k 146 2000 256 15.72
CNN-20k 147 512 256 3.97
CNN-20k 148 512 256 3.98
CNN-20k 149 2000 256 15.67
CNN-20k 150 512 256 4.0
CNN-20k 151 512 256 4.01
CNN-20k 152 2000 256 15.64
CNN-20k 153 2000 256 15.65
CNN-20k 154 512 256 3.99
CNN-20k 155 2000 256 15.68
CNN-20k 156 2000 256 15.66
CNN-20k 157 2000 256 15.66
CNN-20k 158 512 256 3.99
CNN-20k 159 2000 256 15.7
CNN-20k 160 2000 256 15.67
CNN-20k 161 512 256 4.01
CNN-20k 162 2000 256 15.74
CNN-20k 163 2000 256 15.65
CNN-20k 164 2000 256 15.66
CNN-20k 165 512 256 4.01
CNN-20k 166 2000 256 15.71
CNN-20k 167 2000 256 15.65
CNN-20k 168 2000 256 15.68
CNN-20k 169 512 256 3.97
CNN-20k 170 2000 256 15.67
CNN-20k 171 512 256 3.98
CNN-20k 172 512 256 3.98
CNN-20k 173 2000 256 15.65
CNN-20k 174 512 256 4.04
CNN-20k 175 512 256 4.04
CNN-20k 176 512 256 4.04
CNN-20k 177 512 256 4.04
CNN-20k 178 2000 256 15.69
CNN-20k 179 2000 256 15.73
CNN-20k 180 2000 256 15.54
CNN-20k 181 2000 256 15.69
CNN-20k 182 512 256 4.0
CNN-20k 183 512 256 4.0
CNN-20k 184 2000 256 15.6
CNN-20k 185 2000 256 15.59
CNN-20k 186 2000 256 15.59
CNN-20k 187 2000 256 15.62
CNN-20k 188 2000 256 15.76
CNN-20k 189 512 256 3.98
CNN-20k 190 2000 256 15.61
CNN-20k 191 2000 256 15.59
CNN-20k 192 512 256 4.01
CNN-20k 193 2000 256 15.78
CNN-20k 194 2000 256 15.85
CNN-20k 195 2000 256 15.79
CNN-20k 196 2000 256 15.86
CNN-20k 197 512 256 4.05
CNN-20k 198 512 256 4.05
CNN-20k 199 512 256 4.05
