CNN-F-seed1 0 512 256 4.17
CNN-F-seed1 1 512 256 3.96
CNN-F-seed1 2 512 256 4.01
CNN-F-seed1 3 512 256 4.01
CNN-F-seed1 4 512 256 4.01
CNN-F-seed1 5 512 256 4.01
CNN-F-seed1 6 2000 256 15.77
CNN-F-seed1 7 2000 256 15.85
CNN-F-seed1 8 2000 256 16.08
CNN-F-seed1 9 2000 256 15.97
CNN-F-seed1 10 2000 256 15.83
CNN-F-seed1 11 512 256 4.09
CNN-F-seed1 12 2000 256 16.04
CNN-F-seed1 13 512 256 4.01
CNN-F-seed1 14 512 256 4.01
CNN-F-seed1 15 2000 256 15.88
CNN-F-seed1 16 512 256 4.06
CNN-F-seed1 17 2000 256 15.94
CNN-F-seed1 18 512 256 4.04
CNN-F-seed1 19 2000 256 15.88
CNN-F-seed1 20 2000 256 15.87
CNN-F-seed1 21 2000 256 16.01
CNN-F-seed1 22 2000 256 15.83
CNN-F-seed1 23 2000 256 15.88
CNN-F-seed1 24 2000 256 15.98
CNN-F-seed1 25 2000 256 15.82
CNN-F-seed1 26 2000 256 15.94
CNN-F-seed1 27 2000 256 15.78
CNN-F-seed1 28 512 256 4.04
CNN-F-seed1 29 2000 256 15.83
CNN-F-seed1 30 512 256 4.07
CNN-F-seed1 31 2000 256 15.94
CNN-F-seed1 32 512 256 4.07
CNN-F-seed1 33 512 256 4.08
CNN-F-seed1 34 512 256 4.07
CNN-F-seed1 35 2000 256 15.96
CNN-F-seed1 36 2000 256 15.81
CNN-F-seed1 37 2000 256 16.03
CNN-F-seed1 38 2000 256 15.82
CNN-F-seed1 39 2000 256 15.94
CNN-F-seed1 40 2000 256 15.85
CNN-F-seed1 41 2000 256 15.85
CNN-F-seed1 42 2000 256 15.94
CNN-F-seed1 43 2000 256 15.77
CNN-F-seed1 44 2000 256 16.0
CNN-F-seed1 45 2000 256 15.78
CNN-F-seed1 46 2000 256 15.89
CNN-F-seed1 47 512 256 4.06
CNN-F-seed1 48 512 256 4.06
CNN-F-seed1 49 512 256 4.03
CNN-F-seed1 50 512 256 4.05
CNN-F-seed1 51 2000 256 15.87
CNN-F-seed1 52 512 256 4.08
CNN-F-seed1 53 2000 256 15.98
CNN-F-seed1 54 2000 256 15.86
CNN-F-seed1 55 2000 256 16.02
CNN-F-seed1 56 512 256 4.09
CNN-F-seed1 57 2000 256 16.04
CNN-F-seed1 58 2000 256 15.86
CNN-F-seed1 59 512 256 4.07
CNN-F-seed1 60 2000 256 16.03
CNN-F-seed1 61 512 256 4.09
CNN-F-seed1 62 2000 256 16.03
CNN-F-seed1 63 2000 256 15.85
CNN-F-seed1 64 2000 256 16.0
CNN-F-seed1 65 2000 256 15.99
CNN-F-seed1 66 2000 256 15.84
CNN-F-seed1 67 2000 256 16.01
CNN-F-seed1 68 512 256 4.09
CNN-F-seed1 69 512 256 4.1
CNN-F-seed1 70 512 256 4.09
CNN-F-seed1 71 2000 256 16.04
CNN-F-seed1 72 2000 256 15.9
CNN-F-seed1 73 2000 256 15.92
CNN-F-seed1 74 512 256 4.06
CNN-F-seed1 75 512 256 4.06
CNN-F-seed1 76 2000 256 15.94
CNN-F-seed1 77 2000 256 15.95
CNN-F-seed1 78 512 256 4.08
CNN-F-seed1 79 2000 256 15.97
CNN-F-seed1 80 512 256 4.08
CNN-F-seed1 81 512 256 4.08
CNN-F-seed1 82 512 256 4.08
CNN-F-seed1 83 2000 256 15.96
CNN-F-seed1 84 2000 256 15.74
CNN-F-seed1 85 2000 256 15.97
CNN-F-seed1 86 512 256 4.03
CNN-F-seed1 87 2000 256 15.83
CNN-F-seed1 88 512 256 4.01
CNN-F-seed1 89 512 256 4.04
CNN-F-seed1 90 2000 256 15.81
CNN-F-seed1 91 2000 256 15.82
CNN-F-seed1 92 512 256 4.04
CNN-F-seed1 93 2000 256 16.02
CNN-F-seed1 94 512 256 4.01
CNN-F-seed1 95 512 256 4.01
CNN-F-seed1 96 2000 256 15.73
CNN-F-seed1 97 2000 256 15.81
CNN-F-seed1 98 2000 256 15.74
CNN-F-seed1 99 512 256 4.06
CNN-F-seed1 100 2000 256 15.98
CNN-F-seed1 101 2000 256 15.68
CNN-F-seed1 102 2000 256 15.82
CNN-F-seed1 103 2000 256 15.71
CNN-F-seed1 104 512 256 4.01
CNN-F-seed1 105 2000 256 15.72
CNN-F-seed1 106 2000 256 15.8
CNN-F-seed1 107 2000 256 15.93
CNN-F-seed1 108 2000 256 15.7
CNN-F-seed1 109 512 256 4.01
CNN-F-seed1 110 2000 256 15.88
CNN-F-seed1 111 512 256 4.03
CNN-F-seed1 112 2000 256 15.92
CNN-F-seed1 113 512 256 4.02
CNN-F-seed1 114 512 256 4.03
CNN-F-seed1 115 2000 256 15.79
CNN-F-seed1 116 2000 256 15.86
CNN-F-seed1 117 2000 256 15.85
CNN-F-seed1 118 2000 256 16.01
CNN-F-seed1 119 2000 256 15.86
CNN-F-seed1 120 512 256 4.1
CNN-F-seed1 121 2000 256 16.05
CNN-F-seed1 122 512 256 4.06
CNN-F-seed1 123 512 256 4.01
CNN-F-seed1 124 2000 256 15.8
CNN-F-seed1 125 2000 256 15.98
CNN-F-seed1 126 512 256 4.02
CNN-F-seed1 127 512 256 4.03
CNN-F-seed1 128 2000 256 15.75
CNN-F-seed1 129 512 256 4.06
CNN-F-seed1 130 512 256 4.05
CNN-F-seed1 131 2000 256 15.88
CNN-F-seed1 132 2000 256 15.78
CNN-F-seed1 133 512 256 4.02
CNN-F-seed1 134 2000 256 15.8
CNN-F-seed1 135 2000 256 15.81
CNN-F-seed1 136 2000 256 16.0
CNN-F-seed1 137 2000 256 15.82
CNN-F-seed1 138 512 256 4.05
CNN-F-seed1 139 2000 256 15.98
CNN-F-seed1 140 2000 256 15.83
CNN-F-seed1 141 2000 256 16.03
CNN-F-seed1 142 512 256 4.05
CNN-F-seed1 143 2000 256 15.86
CNN-F-seed1 144 512 256 4.05
CNN-F-seed1 145 2000 256 15.86
CNN-F-seed1 146 2000 256 16.02
CNN-F-seed1 147 512 256 4.05
CNN-F-seed1 148 512 256 4.05
CNN-F-seed1 149 2000 256 15.92
CNN-F-seed1 150 512 256 4.04
CNN-F-seed1 151 512 256 4.03
CNN-F-seed1 152 2000 256 15.94
CNN-F-seed1 153 2000 256 15.98
CNN-F-seed1 154 512 256 4.05
CNN-F-seed1 155 2000 256 15.87
CNN-F-seed1 156 2000 256 15.76
CNN-F-seed1 157 2000 256 15.85
CNN-F-seed1 158 512 256 4.05
CNN-F-seed1 159 2000 256 15.86
CNN-F-seed1 160 2000 256 15.82
CNN-F-seed1 161 512 256 4.01
CNN-F-seed1 162 2000 256 15.86
CNN-F-seed1 163 2000 256 15.83
CNN-F-seed1 164 2000 256 15.94
CNN-F-seed1 165 512 256 4.05
CNN-F-seed1 166 2000 256 15.91
CNN-F-seed1 167 2000 256 15.95
CNN-F-seed1 168 2000 256 15.93
CNN-F-seed1 169 512 256 4.07
CNN-F-seed1 170 2000 256 15.85
CNN-F-seed1 171 512 256 4.05
CNN-F-seed1 172 512 256 4.05
CNN-F-seed1 173 2000 256 15.88
CNN-F-seed1 174 512 256 4.05
CNN-F-seed1 175 512 256 4.05
CNN-F-seed1 176 512 256 4.05
CNN-F-seed1 177 512 256 4.05
CNN-F-seed1 178 2000 256 15.87
CNN-F-seed1 179 2000 256 15.81
CNN-F-seed1 180 2000 256 15.87
CNN-F-seed1 181 2000 256 15.83
CNN-F-seed1 182 512 256 4.02
CNN-F-seed1 183 512 256 4.03
CNN-F-seed1 184 2000 256 15.85
CNN-F-seed1 185 2000 256 15.79
CNN-F-seed1 186 2000 256 15.8
CNN-F-seed1 187 2000 256 15.87
CNN-F-seed1 188 2000 256 15.88
CNN-F-seed1 189 512 256 4.04
CNN-F-seed1 190 2000 256 16.05
CNN-F-seed1 191 2000 256 16.21
CNN-F-seed1 192 512 256 4.15
CNN-F-seed1 193 2000 256 16.12
CNN-F-seed1 194 2000 256 16.11
CNN-F-seed1 195 2000 256 16.15
CNN-F-seed1 196 2000 256 16.24
CNN-F-seed1 197 512 256 4.13
CNN-F-seed1 198 512 256 4.15
CNN-F-seed1 199 512 256 4.16
