CNN-F-E0-fixed-seed5 0 512 256 4.12
CNN-F-E0-fixed-seed5 1 512 256 3.82
CNN-F-E0-fixed-seed5 2 512 256 3.82
CNN-F-E0-fixed-seed5 3 512 256 3.82
CNN-F-E0-fixed-seed5 4 512 256 3.82
CNN-F-E0-fixed-seed5 5 512 256 3.82
CNN-F-E0-fixed-seed5 6 2000 256 14.99
CNN-F-E0-fixed-seed5 7 2000 256 14.99
CNN-F-E0-fixed-seed5 8 2000 256 15.0
CNN-F-E0-fixed-seed5 9 2000 256 15.03
CNN-F-E0-fixed-seed5 10 2000 256 15.23
CNN-F-E0-fixed-seed5 11 512 256 3.9
CNN-F-E0-fixed-seed5 12 2000 256 15.5
CNN-F-E0-fixed-seed5 13 512 256 3.93
CNN-F-E0-fixed-seed5 14 512 256 3.94
CNN-F-E0-fixed-seed5 15 2000 256 15.52
CNN-F-E0-fixed-seed5 16 512 256 3.95
CNN-F-E0-fixed-seed5 17 2000 256 15.55
CNN-F-E0-fixed-seed5 18 512 256 3.97
CNN-F-E0-fixed-seed5 19 2000 256 15.63
CNN-F-E0-fixed-seed5 20 2000 256 15.61
CNN-F-E0-fixed-seed5 21 2000 256 15.55
CNN-F-E0-fixed-seed5 22 2000 256 15.68
CNN-F-E0-fixed-seed5 23 2000 256 15.54
CNN-F-E0-fixed-seed5 24 2000 256 15.67
CNN-F-E0-fixed-seed5 25 2000 256 15.6
CNN-F-E0-fixed-seed5 26 2000 256 15.65
CNN-F-E0-fixed-seed5 27 2000 256 15.66
CNN-F-E0-fixed-seed5 28 512 256 3.98
CNN-F-E0-fixed-seed5 29 2000 256 15.6
CNN-F-E0-fixed-seed5 30 512 256 3.98
CNN-F-E0-fixed-seed5 31 2000 256 15.69
CNN-F-E0-fixed-seed5 32 512 256 3.97
CNN-F-E0-fixed-seed5 33 512 256 3.98
CNN-F-E0-fixed-seed5 34 512 256 4.0
CNN-F-E0-fixed-seed5 35 2000 256 15.76
CNN-F-E0-fixed-seed5 36 2000 256 15.67
CNN-F-E0-fixed-seed5 37 2000 256 15.52
CNN-F-E0-fixed-seed5 38 2000 256 15.72
CNN-F-E0-fixed-seed5 39 2000 256 15.55
CNN-F-E0-fixed-seed5 40 2000 256 15.64
CNN-F-E0-fixed-seed5 41 2000 256 15.79
CNN-F-E0-fixed-seed5 42 2000 256 15.65
CNN-F-E0-fixed-seed5 43 2000 256 15.55
CNN-F-E0-fixed-seed5 44 2000 256 15.66
CNN-F-E0-fixed-seed5 45 2000 256 15.72
CNN-F-E0-fixed-seed5 46 2000 256 15.76
CNN-F-E0-fixed-seed5 47 512 256 4.0
CNN-F-E0-fixed-seed5 48 512 256 4.0
CNN-F-E0-fixed-seed5 49 512 256 3.97
CNN-F-E0-fixed-seed5 50 512 256 3.97
CNN-F-E0-fixed-seed5 51 2000 256 15.68
CNN-F-E0-fixed-seed5 52 512 256 3.97
CNN-F-E0-fixed-seed5 53 2000 256 15.67
CNN-F-E0-fixed-seed5 54 2000 256 15.64
CNN-F-E0-fixed-seed5 55 2000 256 15.68
CNN-F-E0-fixed-seed5 56 512 256 4.0
CNN-F-E0-fixed-seed5 57 2000 256 15.69
CNN-F-E0-fixed-seed5 58 2000 256 15.68
CNN-F-E0-fixed-seed5 59 512 256 3.98
CNN-F-E0-fixed-seed5 60 2000 256 15.6
CNN-F-E0-fixed-seed5 61 512 256 3.96
CNN-F-E0-fixed-seed5 62 2000 256 15.66
CNN-F-E0-fixed-seed5 63 2000 256 15.67
CNN-F-E0-fixed-seed5 64 2000 256 15.75
CNN-F-E0-fixed-seed5 65 2000 256 15.53
CNN-F-E0-fixed-seed5 66 2000 256 15.66
CNN-F-E0-fixed-seed5 67 2000 256 15.59
CNN-F-E0-fixed-seed5 68 512 256 3.97
CNN-F-E0-fixed-seed5 69 512 256 4.01
CNN-F-E0-fixed-seed5 70 512 256 4.01
CNN-F-E0-fixed-seed5 71 2000 256 15.59
CNN-F-E0-fixed-seed5 72 2000 256 15.65
CNN-F-E0-fixed-seed5 73 2000 256 15.68
CNN-F-E0-fixed-seed5 74 512 256 3.99
CNN-F-E0-fixed-seed5 75 512 256 3.99
CNN-F-E0-fixed-seed5 76 2000 256 15.57
CNN-F-E0-fixed-seed5 77 2000 256 15.57
CNN-F-E0-fixed-seed5 78 512 256 3.97
CNN-F-E0-fixed-seed5 79 2000 256 15.56
CNN-F-E0-fixed-seed5 80 512 256 3.99
CNN-F-E0-fixed-seed5 81 512 256 4.0
CNN-F-E0-fixed-seed5 82 512 256 4.01
CNN-F-E0-fixed-seed5 83 2000 256 15.54
CNN-F-E0-fixed-seed5 84 2000 256 15.57
CNN-F-E0-fixed-seed5 85 2000 256 15.66
CNN-F-E0-fixed-seed5 86 512 256 3.96
CNN-F-E0-fixed-seed5 87 2000 256 15.54
CNN-F-E0-fixed-seed5 88 512 256 3.98
CNN-F-E0-fixed-seed5 89 512 256 4.01
CNN-F-E0-fixed-seed5 90 2000 256 15.58
CNN-F-E0-fixed-seed5 91 2000 256 15.72
CNN-F-E0-fixed-seed5 92 512 256 3.99
CNN-F-E0-fixed-seed5 93 2000 256 15.55
CNN-F-E0-fixed-seed5 94 512 256 3.98
CNN-F-E0-fixed-seed5 95 512 256 3.98
CNN-F-E0-fixed-seed5 96 2000 256 15.6
CNN-F-E0-fixed-seed5 97 2000 256 15.65
CNN-F-E0-fixed-seed5 98 2000 256 15.55
CNN-F-E0-fixed-seed5 99 512 256 3.98
CNN-F-E0-fixed-seed5 100 2000 256 15.67
CNN-F-E0-fixed-seed5 101 2000 256 15.56
CNN-F-E0-fixed-seed5 102 2000 256 15.7
CNN-F-E0-fixed-seed5 103 2000 256 15.58
CNN-F-E0-fixed-seed5 104 512 256 3.98
CNN-F-E0-fixed-seed5 105 2000 256 15.66
CNN-F-E0-fixed-seed5 106 2000 256 15.68
CNN-F-E0-fixed-seed5 107 2000 256 15.54
CNN-F-E0-fixed-seed5 108 2000 256 15.67
CNN-F-E0-fixed-seed5 109 512 256 3.98
CNN-F-E0-fixed-seed5 110 2000 256 15.61
CNN-F-E0-fixed-seed5 111 512 256 3.96
CNN-F-E0-fixed-seed5 112 2000 256 15.59
CNN-F-E0-fixed-seed5 113 512 256 3.96
CNN-F-E0-fixed-seed5 114 512 256 3.99
CNN-F-E0-fixed-seed5 115 2000 256 15.6
CNN-F-E0-fixed-seed5 116 2000 256 15.58
CNN-F-E0-fixed-seed5 117 2000 256 15.59
CNN-F-E0-fixed-seed5 118 2000 256 15.71
CNN-F-E0-fixed-seed5 119 2000 256 15.55
CNN-F-E0-fixed-seed5 120 512 256 3.97
CNN-F-E0-fixed-seed5 121 2000 256 15.65
CNN-F-E0-fixed-seed5 122 512 256 3.97
CNN-F-E0-fixed-seed5 123 512 256 3.97
CNN-F-E0-fixed-seed5 124 2000 256 15.63
CNN-F-E0-fixed-seed5 125 2000 256 15.66
CNN-F-E0-fixed-seed5 126 512 256 3.97
CNN-F-E0-fixed-seed5 127 512 256 4.02
CNN-F-E0-fixed-seed5 128 2000 256 15.64
CNN-F-E0-fixed-seed5 129 512 256 3.95
CNN-F-E0-fixed-seed5 130 512 256 3.97
CNN-F-E0-fixed-seed5 131 2000 256 15.68
CNN-F-E0-fixed-seed5 132 2000 256 15.74
CNN-F-E0-fixed-seed5 133 512 256 3.97
CNN-F-E0-fixed-seed5 134 2000 256 15.53
CNN-F-E0-fixed-seed5 135 2000 256 15.57
CNN-F-E0-fixed-seed5 136 2000 256 15.58
CNN-F-E0-fixed-seed5 137 2000 256 15.57
CNN-F-E0-fixed-seed5 138 512 256 3.99
CNN-F-E0-fixed-seed5 139 2000 256 15.66
CNN-F-E0-fixed-seed5 140 2000 256 15.57
CNN-F-E0-fixed-seed5 141 2000 256 15.55
CNN-F-E0-fixed-seed5 142 512 256 3.98
CNN-F-E0-fixed-seed5 143 2000 256 15.61
CNN-F-E0-fixed-seed5 144 512 256 3.98
CNN-F-E0-fixed-seed5 145 2000 256 15.63
CNN-F-E0-fixed-seed5 146 2000 256 15.66
CNN-F-E0-fixed-seed5 147 512 256 3.97
CNN-F-E0-fixed-seed5 148 512 256 3.97
CNN-F-E0-fixed-seed5 149 2000 256 15.55
CNN-F-E0-fixed-seed5 150 512 256 4.0
CNN-F-E0-fixed-seed5 151 512 256 4.0
CNN-F-E0-fixed-seed5 152 2000 256 15.66
CNN-F-E0-fixed-seed5 153 2000 256 15.61
CNN-F-E0-fixed-seed5 154 512 256 3.96
CNN-F-E0-fixed-seed5 155 2000 256 15.63
CNN-F-E0-fixed-seed5 156 2000 256 15.63
CNN-F-E0-fixed-seed5 157 2000 256 15.63
CNN-F-E0-fixed-seed5 158 512 256 3.98
CNN-F-E0-fixed-seed5 159 2000 256 15.61
CNN-F-E0-fixed-seed5 160 2000 256 15.78
CNN-F-E0-fixed-seed5 161 512 256 4.0
CNN-F-E0-fixed-seed5 162 2000 256 15.68
CNN-F-E0-fixed-seed5 163 2000 256 15.55
CNN-F-E0-fixed-seed5 164 2000 256 15.66
CNN-F-E0-fixed-seed5 165 512 256 3.97
CNN-F-E0-fixed-seed5 166 2000 256 15.67
CNN-F-E0-fixed-seed5 167 2000 256 15.52
CNN-F-E0-fixed-seed5 168 2000 256 15.66
CNN-F-E0-fixed-seed5 169 512 256 3.97
CNN-F-E0-fixed-seed5 170 2000 256 15.53
CNN-F-E0-fixed-seed5 171 512 256 3.96
CNN-F-E0-fixed-seed5 172 512 256 4.0
CNN-F-E0-fixed-seed5 173 2000 256 15.75
CNN-F-E0-fixed-seed5 174 512 256 3.98
CNN-F-E0-fixed-seed5 175 512 256 4.01
CNN-F-E0-fixed-seed5 176 512 256 4.01
CNN-F-E0-fixed-seed5 177 512 256 3.97
CNN-F-E0-fixed-seed5 178 2000 256 15.57
CNN-F-E0-fixed-seed5 179 2000 256 15.61
CNN-F-E0-fixed-seed5 180 2000 256 15.61
CNN-F-E0-fixed-seed5 181 2000 256 15.6
CNN-F-E0-fixed-seed5 182 512 256 3.98
CNN-F-E0-fixed-seed5 183 512 256 3.98
CNN-F-E0-fixed-seed5 184 2000 256 15.66
CNN-F-E0-fixed-seed5 185 2000 256 15.59
CNN-F-E0-fixed-seed5 186 2000 256 15.67
CNN-F-E0-fixed-seed5 187 2000 256 15.66
CNN-F-E0-fixed-seed5 188 2000 256 15.64
CNN-F-E0-fixed-seed5 189 512 256 3.97
CNN-F-E0-fixed-seed5 190 2000 256 15.58
CNN-F-E0-fixed-seed5 191 2000 256 15.69
CNN-F-E0-fixed-seed5 192 512 256 3.97
CNN-F-E0-fixed-seed5 193 2000 256 15.7
CNN-F-E0-fixed-seed5 194 2000 256 15.86
CNN-F-E0-fixed-seed5 195 2000 256 16.15
CNN-F-E0-fixed-seed5 196 2000 256 15.94
CNN-F-E0-fixed-seed5 197 512 256 4.03
CNN-F-E0-fixed-seed5 198 512 256 4.02
CNN-F-E0-fixed-seed5 199 512 256 4.02
