CNN-F-E0-fixed-seed4 0 512 256 3.98
CNN-F-E0-fixed-seed4 1 512 256 3.66
CNN-F-E0-fixed-seed4 2 512 256 3.66
CNN-F-E0-fixed-seed4 3 512 256 3.66
CNN-F-E0-fixed-seed4 4 512 256 3.66
CNN-F-E0-fixed-seed4 5 512 256 3.69
CNN-F-E0-fixed-seed4 6 2000 256 14.46
CNN-F-E0-fixed-seed4 7 2000 256 14.46
CNN-F-E0-fixed-seed4 8 2000 256 14.44
CNN-F-E0-fixed-seed4 9 2000 256 14.45
CNN-F-E0-fixed-seed4 10 2000 256 14.48
CNN-F-E0-fixed-seed4 11 512 256 3.72
CNN-F-E0-fixed-seed4 12 2000 256 14.55
CNN-F-E0-fixed-seed4 13 512 256 3.71
CNN-F-E0-fixed-seed4 14 512 256 3.72
CNN-F-E0-fixed-seed4 15 2000 256 14.56
CNN-F-E0-fixed-seed4 16 512 256 3.72
CNN-F-E0-fixed-seed4 17 2000 256 14.7
CNN-F-E0-fixed-seed4 18 512 256 3.77
CNN-F-E0-fixed-seed4 19 2000 256 14.82
CNN-F-E0-fixed-seed4 20 2000 256 14.88
CNN-F-E0-fixed-seed4 21 2000 256 14.93
CNN-F-E0-fixed-seed4 22 2000 256 14.94
CNN-F-E0-fixed-seed4 23 2000 256 14.94
CNN-F-E0-fixed-seed4 24 2000 256 14.95
CNN-F-E0-fixed-seed4 25 2000 256 14.92
CNN-F-E0-fixed-seed4 26 2000 256 14.95
CNN-F-E0-fixed-seed4 27 2000 256 15.02
CNN-F-E0-fixed-seed4 28 512 256 3.82
CNN-F-E0-fixed-seed4 29 2000 256 15.01
CNN-F-E0-fixed-seed4 30 512 256 3.82
CNN-F-E0-fixed-seed4 31 2000 256 14.96
CNN-F-E0-fixed-seed4 32 512 256 3.85
CNN-F-E0-fixed-seed4 33 512 256 3.85
CNN-F-E0-fixed-seed4 34 512 256 3.85
CNN-F-E0-fixed-seed4 35 2000 256 15.01
CNN-F-E0-fixed-seed4 36 2000 256 15.04
CNN-F-E0-fixed-seed4 37 2000 256 14.92
CNN-F-E0-fixed-seed4 38 2000 256 15.04
CNN-F-E0-fixed-seed4 39 2000 256 14.94
CNN-F-E0-fixed-seed4 40 2000 256 15.04
CNN-F-E0-fixed-seed4 41 2000 256 14.94
CNN-F-E0-fixed-seed4 42 2000 256 14.98
CNN-F-E0-fixed-seed4 43 2000 256 14.99
CNN-F-E0-fixed-seed4 44 2000 256 14.97
CNN-F-E0-fixed-seed4 45 2000 256 15.06
CNN-F-E0-fixed-seed4 46 2000 256 14.95
CNN-F-E0-fixed-seed4 47 512 256 3.82
CNN-F-E0-fixed-seed4 48 512 256 3.83
CNN-F-E0-fixed-seed4 49 512 256 3.84
CNN-F-E0-fixed-seed4 50 512 256 3.84
CNN-F-E0-fixed-seed4 51 2000 256 15.05
CNN-F-E0-fixed-seed4 52 512 256 3.84
CNN-F-E0-fixed-seed4 53 2000 256 14.99
CNN-F-E0-fixed-seed4 54 2000 256 15.1
CNN-F-E0-fixed-seed4 55 2000 256 14.98
CNN-F-E0-fixed-seed4 56 512 256 3.82
CNN-F-E0-fixed-seed4 57 2000 256 15.04
CNN-F-E0-fixed-seed4 58 2000 256 15.0
CNN-F-E0-fixed-seed4 59 512 256 3.82
CNN-F-E0-fixed-seed4 60 2000 256 15.03
CNN-F-E0-fixed-seed4 61 512 256 3.84
CNN-F-E0-fixed-seed4 62 2000 256 15.04
CNN-F-E0-fixed-seed4 63 2000 256 14.96
CNN-F-E0-fixed-seed4 64 2000 256 15.07
CNN-F-E0-fixed-seed4 65 2000 256 14.94
CNN-F-E0-fixed-seed4 66 2000 256 15.08
CNN-F-E0-fixed-seed4 67 2000 256 14.96
CNN-F-E0-fixed-seed4 68 512 256 3.83
CNN-F-E0-fixed-seed4 69 512 256 3.84
CNN-F-E0-fixed-seed4 70 512 256 3.85
CNN-F-E0-fixed-seed4 71 2000 256 14.97
CNN-F-E0-fixed-seed4 72 2000 256 15.01
CNN-F-E0-fixed-seed4 73 2000 256 14.96
CNN-F-E0-fixed-seed4 74 512 256 3.84
CNN-F-E0-fixed-seed4 75 512 256 3.84
CNN-F-E0-fixed-seed4 76 2000 256 15.05
CNN-F-E0-fixed-seed4 77 2000 256 14.96
CNN-F-E0-fixed-seed4 78 512 256 3.81
CNN-F-E0-fixed-seed4 79 2000 256 14.95
CNN-F-E0-fixed-seed4 80 512 256 3.84
CNN-F-E0-fixed-seed4 81 512 256 3.85
CNN-F-E0-fixed-seed4 82 512 256 3.85
CNN-F-E0-fixed-seed4 83 2000 256 14.97
CNN-F-E0-fixed-seed4 84 2000 256 15.01
CNN-F-E0-fixed-seed4 85 2000 256 14.94
CNN-F-E0-fixed-seed4 86 512 256 3.8
CNN-F-E0-fixed-seed4 87 2000 256 14.95
CNN-F-E0-fixed-seed4 88 512 256 3.81
CNN-F-E0-fixed-seed4 89 512 256 3.81
CNN-F-E0-fixed-seed4 90 2000 256 14.96
CNN-F-E0-fixed-seed4 91 2000 256 15.0
CNN-F-E0-fixed-seed4 92 512 256 3.81
CNN-F-E0-fixed-seed4 93 2000 256 14.94
CNN-F-E0-fixed-seed4 94 512 256 3.81
CNN-F-E0-fixed-seed4 95 512 256 3.84
CNN-F-E0-fixed-seed4 96 2000 256 15.01
CNN-F-E0-fixed-seed4 97 2000 256 15.0
CNN-F-E0-fixed-seed4 98 2000 256 14.95
CNN-F-E0-fixed-seed4 99 512 256 3.81
CNN-F-E0-fixed-seed4 100 2000 256 14.94
CNN-F-E0-fixed-seed4 101 2000 256 15.01
CNN-F-E0-fixed-seed4 102 2000 256 14.96
CNN-F-E0-fixed-seed4 103 2000 256 14.92
CNN-F-E0-fixed-seed4 104 512 256 3.84
CNN-F-E0-fixed-seed4 105 2000 256 14.96
CNN-F-E0-fixed-seed4 106 2000 256 14.93
CNN-F-E0-fixed-seed4 107 2000 256 14.96
CNN-F-E0-fixed-seed4 108 2000 256 14.94
CNN-F-E0-fixed-seed4 109 512 256 3.81
CNN-F-E0-fixed-seed4 110 2000 256 14.95
CNN-F-E0-fixed-seed4 111 512 256 3.83
CNN-F-E0-fixed-seed4 112 2000 256 14.96
CNN-F-E0-fixed-seed4 113 512 256 3.85
CNN-F-E0-fixed-seed4 114 512 256 3.85
CNN-F-E0-fixed-seed4 115 2000 256 14.98
CNN-F-E0-fixed-seed4 116 2000 256 14.95
CNN-F-E0-fixed-seed4 117 2000 256 14.94
CNN-F-E0-fixed-seed4 118 2000 256 15.07
CNN-F-E0-fixed-seed4 119 2000 256 14.93
CNN-F-E0-fixed-seed4 120 512 256 3.81
CNN-F-E0-fixed-seed4 121 2000 256 15.02
CNN-F-E0-fixed-seed4 122 512 256 3.8
CNN-F-E0-fixed-seed4 123 512 256 3.81
CNN-F-E0-fixed-seed4 124 2000 256 14.94
CNN-F-E0-fixed-seed4 125 2000 256 14.98
CNN-F-E0-fixed-seed4 126 512 256 3.81
CNN-F-E0-fixed-seed4 127 512 256 3.81
CNN-F-E0-fixed-seed4 128 2000 256 14.99
CNN-F-E0-fixed-seed4 129 512 256 3.82
CNN-F-E0-fixed-seed4 130 512 256 3.82
CNN-F-E0-fixed-seed4 131 2000 256 14.94
CNN-F-E0-fixed-seed4 132 2000 256 14.92
CNN-F-E0-fixed-seed4 133 512 256 3.83
CNN-F-E0-fixed-seed4 134 2000 256 15.03
CNN-F-E0-fixed-seed4 135 2000 256 14.95
CNN-F-E0-fixed-seed4 136 2000 256 14.98
CNN-F-E0-fixed-seed4 137 2000 256 15.0
CNN-F-E0-fixed-seed4 138 512 256 3.81
CNN-F-E0-fixed-seed4 139 2000 256 15.0
CNN-F-E0-fixed-seed4 140 2000 256 14.94
CNN-F-E0-fixed-seed4 141 2000 256 14.98
CNN-F-E0-fixed-seed4 142 512 256 3.8
CNN-F-E0-fixed-seed4 143 2000 256 15.02
CNN-F-E0-fixed-seed4 144 512 256 3.8
CNN-F-E0-fixed-seed4 145 2000 256 15.0
CNN-F-E0-fixed-seed4 146 2000 256 14.96
CNN-F-E0-fixed-seed4 147 512 256 3.81
CNN-F-E0-fixed-seed4 148 512 256 3.82
CNN-F-E0-fixed-seed4 149 2000 256 14.97
CNN-F-E0-fixed-seed4 150 512 256 3.81
CNN-F-E0-fixed-seed4 151 512 256 3.83
CNN-F-E0-fixed-seed4 152 2000 256 14.97
CNN-F-E0-fixed-seed4 153 2000 256 14.93
CNN-F-E0-fixed-seed4 154 512 256 3.82
CNN-F-E0-fixed-seed4 155 2000 256 14.95
CNN-F-E0-fixed-seed4 156 2000 256 14.96
CNN-F-E0-fixed-seed4 157 2000 256 15.03
CNN-F-E0-fixed-seed4 158 512 256 3.81
CNN-F-E0-fixed-seed4 159 2000 256 14.95
CNN-F-E0-fixed-seed4 160 2000 256 14.94
CNN-F-E0-fixed-seed4 161 512 256 3.82
CNN-F-E0-fixed-seed4 162 2000 256 14.96
CNN-F-E0-fixed-seed4 163 2000 256 15.0
CNN-F-E0-fixed-seed4 164 2000 256 14.95
CNN-F-E0-fixed-seed4 165 512 256 3.81
CNN-F-E0-fixed-seed4 166 2000 256 14.98
CNN-F-E0-fixed-seed4 167 2000 256 14.99
CNN-F-E0-fixed-seed4 168 2000 256 15.0
CNN-F-E0-fixed-seed4 169 512 256 3.81
CNN-F-E0-fixed-seed4 170 2000 256 15.01
CNN-F-E0-fixed-seed4 171 512 256 3.82
CNN-F-E0-fixed-seed4 172 512 256 3.82
CNN-F-E0-fixed-seed4 173 2000 256 14.98
CNN-F-E0-fixed-seed4 174 512 256 3.81
CNN-F-E0-fixed-seed4 175 512 256 3.81
CNN-F-E0-fixed-seed4 176 512 256 3.81
CNN-F-E0-fixed-seed4 177 512 256 3.82
CNN-F-E0-fixed-seed4 178 2000 256 14.99
CNN-F-E0-fixed-seed4 179 2000 256 15.04
CNN-F-E0-fixed-seed4 180 2000 256 14.94
CNN-F-E0-fixed-seed4 181 2000 256 15.02
CNN-F-E0-fixed-seed4 182 512 256 3.81
CNN-F-E0-fixed-seed4 183 512 256 3.82
CNN-F-E0-fixed-seed4 184 2000 256 14.96
CNN-F-E0-fixed-seed4 185 2000 256 15.0
CNN-F-E0-fixed-seed4 186 2000 256 14.99
CNN-F-E0-fixed-seed4 187 2000 256 14.92
CNN-F-E0-fixed-seed4 188 2000 256 14.98
CNN-F-E0-fixed-seed4 189 512 256 3.81
CNN-F-E0-fixed-seed4 190 2000 256 15.0
CNN-F-E0-fixed-seed4 191 2000 256 14.99
CNN-F-E0-fixed-seed4 192 512 256 3.83
CNN-F-E0-fixed-seed4 193 2000 256 15.01
CNN-F-E0-fixed-seed4 194 2000 256 14.99
CNN-F-E0-fixed-seed4 195 2000 256 15.03
CNN-F-E0-fixed-seed4 196 2000 256 15.01
CNN-F-E0-fixed-seed4 197 512 256 3.8
CNN-F-E0-fixed-seed4 198 512 256 3.81
CNN-F-E0-fixed-seed4 199 512 256 3.84
