CNN-F-E0-fixed-seed3 0 512 256 4.0
CNN-F-E0-fixed-seed3 1 512 256 3.7
CNN-F-E0-fixed-seed3 2 512 256 3.7
CNN-F-E0-fixed-seed3 3 512 256 3.7
CNN-F-E0-fixed-seed3 4 512 256 3.7
CNN-F-E0-fixed-seed3 5 512 256 3.73
CNN-F-E0-fixed-seed3 6 2000 256 14.65
CNN-F-E0-fixed-seed3 7 2000 256 14.99
CNN-F-E0-fixed-seed3 8 2000 256 15.31
CNN-F-E0-fixed-seed3 9 2000 256 15.47
CNN-F-E0-fixed-seed3 10 2000 256 15.67
CNN-F-E0-fixed-seed3 11 512 256 3.99
CNN-F-E0-fixed-seed3 12 2000 256 15.64
CNN-F-E0-fixed-seed3 13 512 256 3.99
CNN-F-E0-fixed-seed3 14 512 256 4.02
CNN-F-E0-fixed-seed3 15 2000 256 15.76
CNN-F-E0-fixed-seed3 16 512 256 4.02
CNN-F-E0-fixed-seed3 17 2000 256 15.77
CNN-F-E0-fixed-seed3 18 512 256 4.03
CNN-F-E0-fixed-seed3 19 2000 256 15.78
CNN-F-E0-fixed-seed3 20 2000 256 15.85
CNN-F-E0-fixed-seed3 21 2000 256 15.91
CNN-F-E0-fixed-seed3 22 2000 256 15.85
CNN-F-E0-fixed-seed3 23 2000 256 15.76
CNN-F-E0-fixed-seed3 24 2000 256 15.8
CNN-F-E0-fixed-seed3 25 2000 256 15.83
CNN-F-E0-fixed-seed3 26 2000 256 15.86
CNN-F-E0-fixed-seed3 27 2000 256 15.74
CNN-F-E0-fixed-seed3 28 512 256 4.04
CNN-F-E0-fixed-seed3 29 2000 256 15.88
CNN-F-E0-fixed-seed3 30 512 256 4.05
CNN-F-E0-fixed-seed3 31 2000 256 15.9
CNN-F-E0-fixed-seed3 32 512 256 4.06
CNN-F-E0-fixed-seed3 33 512 256 4.06
CNN-F-E0-fixed-seed3 34 512 256 4.06
CNN-F-E0-fixed-seed3 35 2000 256 15.9
CNN-F-E0-fixed-seed3 36 2000 256 15.79
CNN-F-E0-fixed-seed3 37 2000 256 15.9
CNN-F-E0-fixed-seed3 38 2000 256 15.74
CNN-F-E0-fixed-seed3 39 2000 256 15.76
CNN-F-E0-fixed-seed3 40 2000 256 15.86
CNN-F-E0-fixed-seed3 41 2000 256 15.76
CNN-F-E0-fixed-seed3 42 2000 256 15.84
CNN-F-E0-fixed-seed3 43 2000 256 15.87
CNN-F-E0-fixed-seed3 44 2000 256 15.82
CNN-F-E0-fixed-seed3 45 2000 256 15.89
CNN-F-E0-fixed-seed3 46 2000 256 15.88
CNN-F-E0-fixed-seed3 47 512 256 4.01
CNN-F-E0-fixed-seed3 48 512 256 4.04
CNN-F-E0-fixed-seed3 49 512 256 4.06
CNN-F-E0-fixed-seed3 50 512 256 4.06
CNN-F-E0-fixed-seed3 51 2000 256 15.83
CNN-F-E0-fixed-seed3 52 512 256 4.02
CNN-F-E0-fixed-seed3 53 2000 256 15.85
CNN-F-E0-fixed-seed3 54 2000 256 15.88
CNN-F-E0-fixed-seed3 55 2000 256 15.86
CNN-F-E0-fixed-seed3 56 512 256 4.02
CNN-F-E0-fixed-seed3 57 2000 256 15.89
CNN-F-E0-fixed-seed3 58 2000 256 15.89
CNN-F-E0-fixed-seed3 59 512 256 4.0
CNN-F-E0-fixed-seed3 60 2000 256 15.87
CNN-F-E0-fixed-seed3 61 512 256 4.02
CNN-F-E0-fixed-seed3 62 2000 256 15.77
CNN-F-E0-fixed-seed3 63 2000 256 15.81
CNN-F-E0-fixed-seed3 64 2000 256 15.89
CNN-F-E0-fixed-seed3 65 2000 256 15.88
CNN-F-E0-fixed-seed3 66 2000 256 15.74
CNN-F-E0-fixed-seed3 67 2000 256 15.88
CNN-F-E0-fixed-seed3 68 512 256 4.01
CNN-F-E0-fixed-seed3 69 512 256 4.03
CNN-F-E0-fixed-seed3 70 512 256 4.06
CNN-F-E0-fixed-seed3 71 2000 256 15.9
CNN-F-E0-fixed-seed3 72 2000 256 15.76
CNN-F-E0-fixed-seed3 73 2000 256 15.88
CNN-F-E0-fixed-seed3 74 512 256 3.99
CNN-F-E0-fixed-seed3 75 512 256 4.02
CNN-F-E0-fixed-seed3 76 2000 256 15.9
CNN-F-E0-fixed-seed3 77 2000 256 15.73
CNN-F-E0-fixed-seed3 78 512 256 3.98
CNN-F-E0-fixed-seed3 79 2000 256 15.77
CNN-F-E0-fixed-seed3 80 512 256 4.01
CNN-F-E0-fixed-seed3 81 512 256 4.02
CNN-F-E0-fixed-seed3 82 512 256 4.02
CNN-F-E0-fixed-seed3 83 2000 256 15.72
CNN-F-E0-fixed-seed3 84 2000 256 15.82
CNN-F-E0-fixed-seed3 85 2000 256 15.73
CNN-F-E0-fixed-seed3 86 512 256 4.02
CNN-F-E0-fixed-seed3 87 2000 256 15.74
CNN-F-E0-fixed-seed3 88 512 256 4.02
CNN-F-E0-fixed-seed3 89 512 256 4.02
CNN-F-E0-fixed-seed3 90 2000 256 15.84
CNN-F-E0-fixed-seed3 91 2000 256 15.71
CNN-F-E0-fixed-seed3 92 512 256 4.01
CNN-F-E0-fixed-seed3 93 2000 256 15.88
CNN-F-E0-fixed-seed3 94 512 256 4.0
CNN-F-E0-fixed-seed3 95 512 256 4.01
CNN-F-E0-fixed-seed3 96 2000 256 15.7
CNN-F-E0-fixed-seed3 97 2000 256 15.86
CNN-F-E0-fixed-seed3 98 2000 256 15.67
CNN-F-E0-fixed-seed3 99 512 256 4.03
CNN-F-E0-fixed-seed3 100 2000 256 15.77
CNN-F-E0-fixed-seed3 101 2000 256 15.76
CNN-F-E0-fixed-seed3 102 2000 256 15.78
CNN-F-E0-fixed-seed3 103 2000 256 15.77
CNN-F-E0-fixed-seed3 104 512 256 4.02
CNN-F-E0-fixed-seed3 105 2000 256 15.77
CNN-F-E0-fixed-seed3 106 2000 256 15.87
CNN-F-E0-fixed-seed3 107 2000 256 15.89
CNN-F-E0-fixed-seed3 108 2000 256 15.72
CNN-F-E0-fixed-seed3 109 512 256 3.99
CNN-F-E0-fixed-seed3 110 2000 256 15.85
CNN-F-E0-fixed-seed3 111 512 256 3.99
CNN-F-E0-fixed-seed3 112 2000 256 15.74
CNN-F-E0-fixed-seed3 113 512 256 4.03
CNN-F-E0-fixed-seed3 114 512 256 3.99
CNN-F-E0-fixed-seed3 115 2000 256 15.91
CNN-F-E0-fixed-seed3 116 2000 256 15.63
CNN-F-E0-fixed-seed3 117 2000 256 15.77
CNN-F-E0-fixed-seed3 118 2000 256 15.79
CNN-F-E0-fixed-seed3 119 2000 256 15.78
CNN-F-E0-fixed-seed3 120 512 256 4.03
CNN-F-E0-fixed-seed3 121 2000 256 15.8
CNN-F-E0-fixed-seed3 122 512 256 4.03
CNN-F-E0-fixed-seed3 123 512 256 3.99
CNN-F-E0-fixed-seed3 124 2000 256 15.88
CNN-F-E0-fixed-seed3 125 2000 256 15.77
CNN-F-E0-fixed-seed3 126 512 256 3.98
CNN-F-E0-fixed-seed3 127 512 256 3.98
CNN-F-E0-fixed-seed3 128 2000 256 15.7
CNN-F-E0-fixed-seed3 129 512 256 4.02
CNN-F-E0-fixed-seed3 130 512 256 4.02
CNN-F-E0-fixed-seed3 131 2000 256 15.78
CNN-F-E0-fixed-seed3 132 2000 256 15.76
CNN-F-E0-fixed-seed3 133 512 256 4.03
CNN-F-E0-fixed-seed3 134 2000 256 15.76
CNN-F-E0-fixed-seed3 135 2000 256 15.89
CNN-F-E0-fixed-seed3 136 2000 256 15.77
CNN-F-E0-fixed-seed3 137 2000 256 15.82
CNN-F-E0-fixed-seed3 138 512 256 4.02
CNN-F-E0-fixed-seed3 139 2000 256 15.74
CNN-F-E0-fixed-seed3 140 2000 256 15.75
CNN-F-E0-fixed-seed3 141 2000 256 15.74
CNN-F-E0-fixed-seed3 142 512 256 4.02
CNN-F-E0-fixed-seed3 143 2000 256 15.74
CNN-F-E0-fixed-seed3 144 512 256 4.02
CNN-F-E0-fixed-seed3 145 2000 256 15.75
CNN-F-E0-fixed-seed3 146 2000 256 15.75
CNN-F-E0-fixed-seed3 147 512 256 4.02
CNN-F-E0-fixed-seed3 148 512 256 4.02
CNN-F-E0-fixed-seed3 149 2000 256 15.85
CNN-F-E0-fixed-seed3 150 512 256 4.05
CNN-F-E0-fixed-seed3 151 512 256 4.04
CNN-F-E0-fixed-seed3 152 2000 256 15.84
CNN-F-E0-fixed-seed3 153 2000 256 15.69
CNN-F-E0-fixed-seed3 154 512 256 4.03
CNN-F-E0-fixed-seed3 155 2000 256 15.87
CNN-F-E0-fixed-seed3 156 2000 256 15.78
CNN-F-E0-fixed-seed3 157 2000 256 15.78
CNN-F-E0-fixed-seed3 158 512 256 4.03
CNN-F-E0-fixed-seed3 159 2000 256 15.8
CNN-F-E0-fixed-seed3 160 2000 256 15.8
CNN-F-E0-fixed-seed3 161 512 256 4.03
CNN-F-E0-fixed-seed3 162 2000 256 15.81
CNN-F-E0-fixed-seed3 163 2000 256 15.9
CNN-F-E0-fixed-seed3 164 2000 256 15.76
CNN-F-E0-fixed-seed3 165 512 256 4.03
CNN-F-E0-fixed-seed3 166 2000 256 15.75
CNN-F-E0-fixed-seed3 167 2000 256 15.76
CNN-F-E0-fixed-seed3 168 2000 256 15.75
CNN-F-E0-fixed-seed3 169 512 256 4.02
CNN-F-E0-fixed-seed3 170 2000 256 15.76
CNN-F-E0-fixed-seed3 171 512 256 4.05
CNN-F-E0-fixed-seed3 172 512 256 4.04
CNN-F-E0-fixed-seed3 173 2000 256 15.91
CNN-F-E0-fixed-seed3 174 512 256 4.02
CNN-F-E0-fixed-seed3 175 512 256 4.02
CNN-F-E0-fixed-seed3 176 512 256 4.02
CNN-F-E0-fixed-seed3 177 512 256 4.02
CNN-F-E0-fixed-seed3 178 2000 256 15.76
CNN-F-E0-fixed-seed3 179 2000 256 15.87
CNN-F-E0-fixed-seed3 180 2000 256 15.79
CNN-F-E0-fixed-seed3 181 2000 256 15.74
CNN-F-E0-fixed-seed3 182 512 256 4.01
CNN-F-E0-fixed-seed3 183 512 256 4.06
CNN-F-E0-fixed-seed3 184 2000 256 15.9
CNN-F-E0-fixed-seed3 185 2000 256 15.71
CNN-F-E0-fixed-seed3 186 2000 256 15.78
CNN-F-E0-fixed-seed3 187 2000 256 15.83
CNN-F-E0-fixed-seed3 188 2000 256 15.72
CNN-F-E0-fixed-seed3 189 512 256 4.03
CNN-F-E0-fixed-seed3 190 2000 256 15.91
CNN-F-E0-fixed-seed3 191 2000 256 15.8
CNN-F-E0-fixed-seed3 192 512 256 4.07
CNN-F-E0-fixed-seed3 193 2000 256 16.0
CNN-F-E0-fixed-seed3 194 2000 256 16.01
CNN-F-E0-fixed-seed3 195 2000 256 16.18
CNN-F-E0-fixed-seed3 196 2000 256 16.07
CNN-F-E0-fixed-seed3 197 512 256 4.1
CNN-F-E0-fixed-seed3 198 512 256 4.14
CNN-F-E0-fixed-seed3 199 512 256 4.12
