CNN-F-constantF 0 512 256 3.85
CNN-F-constantF 1 512 256 3.59
CNN-F-constantF 2 512 256 3.61
CNN-F-constantF 3 512 256 3.62
CNN-F-constantF 4 512 256 3.62
CNN-F-constantF 5 512 256 3.62
CNN-F-constantF 6 2000 256 14.18
CNN-F-constantF 7 2000 256 14.26
CNN-F-constantF 8 2000 256 14.28
CNN-F-constantF 9 2000 256 14.28
CNN-F-constantF 10 2000 256 14.27
CNN-F-constantF 11 512 256 3.65
CNN-F-constantF 12 2000 256 14.4
CNN-F-constantF 13 512 256 3.68
CNN-F-constantF 14 512 256 3.68
CNN-F-constantF 15 2000 256 14.62
CNN-F-constantF 16 512 256 3.76
CNN-F-constantF 17 2000 256 14.88
CNN-F-constantF 18 512 256 3.82
CNN-F-constantF 19 2000 256 15.07
CNN-F-constantF 20 2000 256 15.29
CNN-F-constantF 21 2000 256 15.22
CNN-F-constantF 22 2000 256 15.24
CNN-F-constantF 23 2000 256 15.38
CNN-F-constantF 24 2000 256 15.37
CNN-F-constantF 25 2000 256 15.42
CNN-F-constantF 26 2000 256 15.35
CNN-F-constantF 27 2000 256 15.39
CNN-F-constantF 28 512 256 3.93
CNN-F-constantF 29 2000 256 15.56
CNN-F-constantF 30 512 256 3.93
CNN-F-constantF 31 2000 256 15.49
CNN-F-constantF 32 512 256 3.95
CNN-F-constantF 33 512 256 3.96
CNN-F-constantF 34 512 256 3.96
CNN-F-constantF 35 2000 256 15.51
CNN-F-constantF 36 2000 256 15.52
CNN-F-constantF 37 2000 256 15.49
CNN-F-constantF 38 2000 256 15.54
CNN-F-constantF 39 2000 256 15.62
CNN-F-constantF 40 2000 256 15.57
CNN-F-constantF 41 2000 256 15.65
CNN-F-constantF 42 2000 256 15.48
CNN-F-constantF 43 2000 256 15.68
CNN-F-constantF 44 2000 256 15.52
CNN-F-constantF 45 2000 256 15.67
CNN-F-constantF 46 2000 256 15.66
CNN-F-constantF 47 512 256 4.0
CNN-F-constantF 48 512 256 4.0
CNN-F-constantF 49 512 256 4.0
CNN-F-constantF 50 512 256 3.99
CNN-F-constantF 51 2000 256 15.49
CNN-F-constantF 52 512 256 3.96
CNN-F-constantF 53 2000 256 15.61
CNN-F-constantF 54 2000 256 15.56
CNN-F-constantF 55 2000 256 15.62
CNN-F-constantF 56 512 256 4.0
CNN-F-constantF 57 2000 256 15.66
CNN-F-constantF 58 2000 256 15.47
CNN-F-constantF 59 512 256 3.95
CNN-F-constantF 60 2000 256 15.6
CNN-F-constantF 61 512 256 4.0
CNN-F-constantF 62 2000 256 15.59
CNN-F-constantF 63 2000 256 15.59
CNN-F-constantF 64 2000 256 15.6
CNN-F-constantF 65 2000 256 15.65
CNN-F-constantF 66 2000 256 15.61
CNN-F-constantF 67 2000 256 15.67
CNN-F-constantF 68 512 256 4.0
CNN-F-constantF 69 512 256 4.01
CNN-F-constantF 70 512 256 4.01
CNN-F-constantF 71 2000 256 15.7
CNN-F-constantF 72 2000 256 15.52
CNN-F-constantF 73 2000 256 15.62
CNN-F-constantF 74 512 256 4.0
CNN-F-constantF 75 512 256 4.03
CNN-F-constantF 76 2000 256 15.74
CNN-F-constantF 77 2000 256 15.56
CNN-F-constantF 78 512 256 3.96
CNN-F-constantF 79 2000 256 15.58
CNN-F-constantF 80 512 256 3.99
CNN-F-constantF 81 512 256 4.0
CNN-F-constantF 82 512 256 4.02
CNN-F-constantF 83 2000 256 15.7
CNN-F-constantF 84 2000 256 15.6
CNN-F-constantF 85 2000 256 15.63
CNN-F-constantF 86 512 256 3.96
CNN-F-constantF 87 2000 256 15.64
CNN-F-constantF 88 512 256 3.97
CNN-F-constantF 89 512 256 3.98
CNN-F-constantF 90 2000 256 15.67
CNN-F-constantF 91 2000 256 15.6
CNN-F-constantF 92 512 256 4.0
CNN-F-constantF 93 2000 256 15.6
CNN-F-constantF 94 512 256 3.98
CNN-F-constantF 95 512 256 3.98
CNN-F-constantF 96 2000 256 15.61
CNN-F-constantF 97 2000 256 15.67
CNN-F-constantF 98 2000 256 15.61
CNN-F-constantF 99 512 256 4.0
CNN-F-constantF 100 2000 256 15.69
CNN-F-constantF 101 2000 256 15.66
CNN-F-constantF 102 2000 256 15.59
CNN-F-constantF 103 2000 256 15.67
CNN-F-constantF 104 512 256 3.96
CNN-F-constantF 105 2000 256 15.66
CNN-F-constantF 106 2000 256 15.6
CNN-F-constantF 107 2000 256 15.68
CNN-F-constantF 108 2000 256 15.72
CNN-F-constantF 109 512 256 4.0
CNN-F-constantF 110 2000 256 15.53
CNN-F-constantF 111 512 256 4.0
CNN-F-constantF 112 2000 256 15.66
CNN-F-constantF 113 512 256 3.96
CNN-F-constantF 114 512 256 4.0
CNN-F-constantF 115 2000 256 15.67
CNN-F-constantF 116 2000 256 15.65
CNN-F-constantF 117 2000 256 15.65
CNN-F-constantF 118 2000 256 15.77
CNN-F-constantF 119 2000 256 15.61
CNN-F-constantF 120 512 256 3.98
CNN-F-constantF 121 2000 256 15.66
CNN-F-constantF 122 512 256 3.96
CNN-F-constantF 123 512 256 3.96
CNN-F-constantF 124 2000 256 15.75
CNN-F-constantF 125 2000 256 15.68
CNN-F-constantF 126 512 256 3.99
CNN-F-constantF 127 512 256 3.96
CNN-F-constantF 128 2000 256 15.7
CNN-F-constantF 129 512 256 3.98
CNN-F-constantF 130 512 256 3.98
CNN-F-constantF 131 2000 256 15.64
CNN-F-constantF 132 2000 256 15.51
CNN-F-constantF 133 512 256 4.0
CNN-F-constantF 134 2000 256 15.69
CNN-F-constantF 135 2000 256 15.59
CNN-F-constantF 136 2000 256 15.67
CNN-F-constantF 137 2000 256 15.58
CNN-F-constantF 138 512 256 3.98
CNN-F-constantF 139 2000 256 15.6
CNN-F-constantF 140 2000 256 15.68
CNN-F-constantF 141 2000 256 15.63
CNN-F-constantF 142 512 256 3.99
CNN-F-constantF 143 2000 256 15.63
CNN-F-constantF 144 512 256 3.98
CNN-F-constantF 145 2000 256 15.63
CNN-F-constantF 146 2000 256 15.63
CNN-F-constantF 147 512 256 3.99
CNN-F-constantF 148 512 256 4.0
CNN-F-constantF 149 2000 256 15.67
CNN-F-constantF 150 512 256 4.0
CNN-F-constantF 151 512 256 4.0
CNN-F-constantF 152 2000 256 15.67
CNN-F-constantF 153 2000 256 15.62
CNN-F-constantF 154 512 256 4.0
CNN-F-constantF 155 2000 256 15.67
CNN-F-constantF 156 2000 256 15.69
CNN-F-constantF 157 2000 256 15.56
CNN-F-constantF 158 512 256 3.97
CNN-F-constantF 159 2000 256 15.6
CNN-F-constantF 160 2000 256 15.63
CNN-F-constantF 161 512 256 3.97
CNN-F-constantF 162 2000 256 15.7
CNN-F-constantF 163 2000 256 15.73
CNN-F-constantF 164 2000 256 15.7
CNN-F-constantF 165 512 256 3.96
CNN-F-constantF 166 2000 256 15.63
CNN-F-constantF 167 2000 256 15.58
CNN-F-constantF 168 2000 256 15.66
CNN-F-constantF 169 512 256 4.0
CNN-F-constantF 170 2000 256 15.69
CNN-F-constantF 171 512 256 4.0
CNN-F-constantF 172 512 256 4.0
CNN-F-constantF 173 2000 256 15.53
CNN-F-constantF 174 512 256 3.98
CNN-F-constantF 175 512 256 4.02
CNN-F-constantF 176 512 256 4.01
CNN-F-constantF 177 512 256 4.02
CNN-F-constantF 178 2000 256 15.65
CNN-F-constantF 179 2000 256 15.65
CNN-F-constantF 180 2000 256 15.68
CNN-F-constantF 181 2000 256 15.64
CNN-F-constantF 182 512 256 4.02
CNN-F-constantF 183 512 256 4.02
CNN-F-constantF 184 2000 256 15.74
CNN-F-constantF 185 2000 256 15.53
CNN-F-constantF 186 2000 256 15.56
CNN-F-constantF 187 2000 256 15.58
CNN-F-constantF 188 2000 256 15.68
CNN-F-constantF 189 512 256 4.01
CNN-F-constantF 190 2000 256 15.59
CNN-F-constantF 191 2000 256 15.67
CNN-F-constantF 192 512 256 3.97
CNN-F-constantF 193 2000 256 15.63
CNN-F-constantF 194 2000 256 15.66
CNN-F-constantF 195 2000 256 15.59
CNN-F-constantF 196 2000 256 15.67
CNN-F-constantF 197 512 256 4.01
CNN-F-constantF 198 512 256 3.98
CNN-F-constantF 199 512 256 3.98
