CNN-F-E0-fixed-seed1 0 512 256 3.95
CNN-F-E0-fixed-seed1 1 512 256 3.66
CNN-F-E0-fixed-seed1 2 512 256 3.66
CNN-F-E0-fixed-seed1 3 512 256 3.66
CNN-F-E0-fixed-seed1 4 512 256 3.66
CNN-F-E0-fixed-seed1 5 512 256 3.66
CNN-F-E0-fixed-seed1 6 2000 256 14.34
CNN-F-E0-fixed-seed1 7 2000 256 14.42
CNN-F-E0-fixed-seed1 8 2000 256 14.43
CNN-F-E0-fixed-seed1 9 2000 256 14.43
CNN-F-E0-fixed-seed1 10 2000 256 14.44
CNN-F-E0-fixed-seed1 11 512 256 3.69
CNN-F-E0-fixed-seed1 12 2000 256 14.43
CNN-F-E0-fixed-seed1 13 512 256 3.68
CNN-F-E0-fixed-seed1 14 512 256 3.7
CNN-F-E0-fixed-seed1 15 2000 256 14.56
CNN-F-E0-fixed-seed1 16 512 256 3.72
CNN-F-E0-fixed-seed1 17 2000 256 14.56
CNN-F-E0-fixed-seed1 18 512 256 3.72
CNN-F-E0-fixed-seed1 19 2000 256 14.56
CNN-F-E0-fixed-seed1 20 2000 256 14.59
CNN-F-E0-fixed-seed1 21 2000 256 14.7
CNN-F-E0-fixed-seed1 22 2000 256 14.79
CNN-F-E0-fixed-seed1 23 2000 256 14.83
CNN-F-E0-fixed-seed1 24 2000 256 14.87
CNN-F-E0-fixed-seed1 25 2000 256 14.9
CNN-F-E0-fixed-seed1 26 2000 256 14.89
CNN-F-E0-fixed-seed1 27 2000 256 14.92
CNN-F-E0-fixed-seed1 28 512 256 3.79
CNN-F-E0-fixed-seed1 29 2000 256 14.96
CNN-F-E0-fixed-seed1 30 512 256 3.79
CNN-F-E0-fixed-seed1 31 2000 256 14.96
CNN-F-E0-fixed-seed1 32 512 256 3.8
CNN-F-E0-fixed-seed1 33 512 256 3.81
CNN-F-E0-fixed-seed1 34 512 256 3.81
CNN-F-E0-fixed-seed1 35 2000 256 14.96
CNN-F-E0-fixed-seed1 36 2000 256 14.96
CNN-F-E0-fixed-seed1 37 2000 256 14.94
CNN-F-E0-fixed-seed1 38 2000 256 15.0
CNN-F-E0-fixed-seed1 39 2000 256 14.92
CNN-F-E0-fixed-seed1 40 2000 256 14.93
CNN-F-E0-fixed-seed1 41 2000 256 15.03
CNN-F-E0-fixed-seed1 42 2000 256 14.94
CNN-F-E0-fixed-seed1 43 2000 256 14.97
CNN-F-E0-fixed-seed1 44 2000 256 15.02
CNN-F-E0-fixed-seed1 45 2000 256 14.93
CNN-F-E0-fixed-seed1 46 2000 256 15.03
CNN-F-E0-fixed-seed1 47 512 256 3.81
CNN-F-E0-fixed-seed1 48 512 256 3.81
CNN-F-E0-fixed-seed1 49 512 256 3.81
CNN-F-E0-fixed-seed1 50 512 256 3.81
CNN-F-E0-fixed-seed1 51 2000 256 14.95
CNN-F-E0-fixed-seed1 52 512 256 3.83
CNN-F-E0-fixed-seed1 53 2000 256 14.98
CNN-F-E0-fixed-seed1 54 2000 256 15.05
CNN-F-E0-fixed-seed1 55 2000 256 14.96
CNN-F-E0-fixed-seed1 56 512 256 3.82
CNN-F-E0-fixed-seed1 57 2000 256 15.02
CNN-F-E0-fixed-seed1 58 2000 256 14.96
CNN-F-E0-fixed-seed1 59 512 256 3.83
CNN-F-E0-fixed-seed1 60 2000 256 14.98
CNN-F-E0-fixed-seed1 61 512 256 3.81
CNN-F-E0-fixed-seed1 62 2000 256 14.94
CNN-F-E0-fixed-seed1 63 2000 256 15.06
CNN-F-E0-fixed-seed1 64 2000 256 15.0
CNN-F-E0-fixed-seed1 65 2000 256 15.0
CNN-F-E0-fixed-seed1 66 2000 256 15.05
CNN-F-E0-fixed-seed1 67 2000 256 14.94
CNN-F-E0-fixed-seed1 68 512 256 3.81
CNN-F-E0-fixed-seed1 69 512 256 3.81
CNN-F-E0-fixed-seed1 70 512 256 3.81
CNN-F-E0-fixed-seed1 71 2000 256 15.09
CNN-F-E0-fixed-seed1 72 2000 256 14.95
CNN-F-E0-fixed-seed1 73 2000 256 15.07
CNN-F-E0-fixed-seed1 74 512 256 3.8
CNN-F-E0-fixed-seed1 75 512 256 3.81
CNN-F-E0-fixed-seed1 76 2000 256 14.95
CNN-F-E0-fixed-seed1 77 2000 256 14.95
CNN-F-E0-fixed-seed1 78 512 256 3.83
CNN-F-E0-fixed-seed1 79 2000 256 15.05
CNN-F-E0-fixed-seed1 80 512 256 3.82
CNN-F-E0-fixed-seed1 81 512 256 3.82
CNN-F-E0-fixed-seed1 82 512 256 3.82
CNN-F-E0-fixed-seed1 83 2000 256 14.94
CNN-F-E0-fixed-seed1 84 2000 256 15.05
CNN-F-E0-fixed-seed1 85 2000 256 14.96
CNN-F-E0-fixed-seed1 86 512 256 3.81
CNN-F-E0-fixed-seed1 87 2000 256 15.04
CNN-F-E0-fixed-seed1 88 512 256 3.82
CNN-F-E0-fixed-seed1 89 512 256 3.83
CNN-F-E0-fixed-seed1 90 2000 256 14.94
CNN-F-E0-fixed-seed1 91 2000 256 14.99
CNN-F-E0-fixed-seed1 92 512 256 3.81
CNN-F-E0-fixed-seed1 93 2000 256 14.99
CNN-F-E0-fixed-seed1 94 512 256 3.82
CNN-F-E0-fixed-seed1 95 512 256 3.82
CNN-F-E0-fixed-seed1 96 2000 256 15.01
CNN-F-E0-fixed-seed1 97 2000 256 15.04
CNN-F-E0-fixed-seed1 98 2000 256 15.02
CNN-F-E0-fixed-seed1 99 512 256 3.84
CNN-F-E0-fixed-seed1 100 2000 256 15.07
CNN-F-E0-fixed-seed1 101 2000 256 14.94
CNN-F-E0-fixed-seed1 102 2000 256 15.07
CNN-F-E0-fixed-seed1 103 2000 256 15.04
CNN-F-E0-fixed-seed1 104 512 256 3.81
CNN-F-E0-fixed-seed1 105 2000 256 15.04
CNN-F-E0-fixed-seed1 106 2000 256 14.94
CNN-F-E0-fixed-seed1 107 2000 256 14.96
CNN-F-E0-fixed-seed1 108 2000 256 15.06
CNN-F-E0-fixed-seed1 109 512 256 3.83
CNN-F-E0-fixed-seed1 110 2000 256 14.97
CNN-F-E0-fixed-seed1 111 512 256 3.81
CNN-F-E0-fixed-seed1 112 2000 256 14.99
CNN-F-E0-fixed-seed1 113 512 256 3.81
CNN-F-E0-fixed-seed1 114 512 256 3.86
CNN-F-E0-fixed-seed1 115 2000 256 15.0
CNN-F-E0-fixed-seed1 116 2000 256 15.0
CNN-F-E0-fixed-seed1 117 2000 256 15.02
CNN-F-E0-fixed-seed1 118 2000 256 14.93
CNN-F-E0-fixed-seed1 119 2000 256 15.06
CNN-F-E0-fixed-seed1 120 512 256 3.83
CNN-F-E0-fixed-seed1 121 2000 256 14.94
CNN-F-E0-fixed-seed1 122 512 256 3.83
CNN-F-E0-fixed-seed1 123 512 256 3.85
CNN-F-E0-fixed-seed1 124 2000 256 15.01
CNN-F-E0-fixed-seed1 125 2000 256 14.97
CNN-F-E0-fixed-seed1 126 512 256 3.81
CNN-F-E0-fixed-seed1 127 512 256 3.81
CNN-F-E0-fixed-seed1 128 2000 256 15.02
CNN-F-E0-fixed-seed1 129 512 256 3.82
CNN-F-E0-fixed-seed1 130 512 256 3.85
CNN-F-E0-fixed-seed1 131 2000 256 15.06
CNN-F-E0-fixed-seed1 132 2000 256 15.05
CNN-F-E0-fixed-seed1 133 512 256 3.81
CNN-F-E0-fixed-seed1 134 2000 256 14.94
CNN-F-E0-fixed-seed1 135 2000 256 15.03
CNN-F-E0-fixed-seed1 136 2000 256 14.94
CNN-F-E0-fixed-seed1 137 2000 256 15.07
CNN-F-E0-fixed-seed1 138 512 256 3.82
CNN-F-E0-fixed-seed1 139 2000 256 14.98
CNN-F-E0-fixed-seed1 140 2000 256 15.04
CNN-F-E0-fixed-seed1 141 2000 256 14.95
CNN-F-E0-fixed-seed1 142 512 256 3.81
CNN-F-E0-fixed-seed1 143 2000 256 15.04
CNN-F-E0-fixed-seed1 144 512 256 3.81
CNN-F-E0-fixed-seed1 145 2000 256 15.03
CNN-F-E0-fixed-seed1 146 2000 256 15.05
CNN-F-E0-fixed-seed1 147 512 256 3.83
CNN-F-E0-fixed-seed1 148 512 256 3.82
CNN-F-E0-fixed-seed1 149 2000 256 14.97
CNN-F-E0-fixed-seed1 150 512 256 3.81
CNN-F-E0-fixed-seed1 151 512 256 3.82
CNN-F-E0-fixed-seed1 152 2000 256 15.03
CNN-F-E0-fixed-seed1 153 2000 256 14.94
CNN-F-E0-fixed-seed1 154 512 256 3.83
CNN-F-E0-fixed-seed1 155 2000 256 15.03
CNN-F-E0-fixed-seed1 156 2000 256 15.06
CNN-F-E0-fixed-seed1 157 2000 256 15.0
CNN-F-E0-fixed-seed1 158 512 256 3.81
CNN-F-E0-fixed-seed1 159 2000 256 15.01
CNN-F-E0-fixed-seed1 160 2000 256 14.97
CNN-F-E0-fixed-seed1 161 512 256 3.81
CNN-F-E0-fixed-seed1 162 2000 256 15.03
CNN-F-E0-fixed-seed1 163 2000 256 14.98
CNN-F-E0-fixed-seed1 164 2000 256 15.04
CNN-F-E0-fixed-seed1 165 512 256 3.82
CNN-F-E0-fixed-seed1 166 2000 256 15.02
CNN-F-E0-fixed-seed1 167 2000 256 14.99
CNN-F-E0-fixed-seed1 168 2000 256 15.06
CNN-F-E0-fixed-seed1 169 512 256 3.83
CNN-F-E0-fixed-seed1 170 2000 256 15.0
CNN-F-E0-fixed-seed1 171 512 256 3.82
CNN-F-E0-fixed-seed1 172 512 256 3.84
CNN-F-E0-fixed-seed1 173 2000 256 15.09
CNN-F-E0-fixed-seed1 174 512 256 3.81
CNN-F-E0-fixed-seed1 175 512 256 3.81
CNN-F-E0-fixed-seed1 176 512 256 3.82
CNN-F-E0-fixed-seed1 177 512 256 3.81
CNN-F-E0-fixed-seed1 178 2000 256 15.08
CNN-F-E0-fixed-seed1 179 2000 256 14.95
CNN-F-E0-fixed-seed1 180 2000 256 15.05
CNN-F-E0-fixed-seed1 181 2000 256 15.06
CNN-F-E0-fixed-seed1 182 512 256 3.82
CNN-F-E0-fixed-seed1 183 512 256 3.84
CNN-F-E0-fixed-seed1 184 2000 256 14.97
CNN-F-E0-fixed-seed1 185 2000 256 14.96
CNN-F-E0-fixed-seed1 186 2000 256 15.07
CNN-F-E0-fixed-seed1 187 2000 256 15.0
CNN-F-E0-fixed-seed1 188 2000 256 14.99
CNN-F-E0-fixed-seed1 189 512 256 3.82
CNN-F-E0-fixed-seed1 190 2000 256 14.97
CNN-F-E0-fixed-seed1 191 2000 256 15.01
CNN-F-E0-fixed-seed1 192 512 256 3.82
CNN-F-E0-fixed-seed1 193 2000 256 15.0
CNN-F-E0-fixed-seed1 194 2000 256 15.11
CNN-F-E0-fixed-seed1 195 2000 256 15.0
CNN-F-E0-fixed-seed1 196 2000 256 14.98
CNN-F-E0-fixed-seed1 197 512 256 3.82
CNN-F-E0-fixed-seed1 198 512 256 3.83
CNN-F-E0-fixed-seed1 199 512 256 3.83
