CNN-noF 0 512 256 4.15
CNN-noF 1 512 256 3.91
CNN-noF 2 512 256 3.99
CNN-noF 3 512 256 4.0
CNN-noF 4 512 256 3.96
CNN-noF 5 512 256 4.0
CNN-noF 6 2000 256 16.22
CNN-noF 7 2000 256 16.29
CNN-noF 8 2000 256 16.32
CNN-noF 9 2000 256 16.33
CNN-noF 10 2000 256 16.49
CNN-noF 11 512 256 4.15
CNN-noF 12 2000 256 16.48
CNN-noF 13 512 256 4.16
CNN-noF 14 512 256 4.16
CNN-noF 15 2000 256 16.44
CNN-noF 16 512 256 4.2
CNN-noF 17 2000 256 15.97
CNN-noF 18 512 256 4.01
CNN-noF 19 2000 256 15.69
CNN-noF 20 2000 256 15.78
CNN-noF 21 2000 256 15.72
CNN-noF 22 2000 256 15.7
CNN-noF 23 2000 256 15.63
CNN-noF 24 2000 256 15.65
CNN-noF 25 2000 256 15.75
CNN-noF 26 2000 256 15.74
CNN-noF 27 2000 256 15.62
CNN-noF 28 512 256 3.94
CNN-noF 29 2000 256 15.44
CNN-noF 30 512 256 3.94
CNN-noF 31 2000 256 15.49
CNN-noF 32 512 256 3.96
CNN-noF 33 512 256 3.96
CNN-noF 34 512 256 3.97
CNN-noF 35 2000 256 15.52
CNN-noF 36 2000 256 15.52
CNN-noF 37 2000 256 15.43
CNN-noF 38 2000 256 15.54
CNN-noF 39 2000 256 15.5
CNN-noF 40 2000 256 15.41
CNN-noF 41 2000 256 15.57
CNN-noF 42 2000 256 15.41
CNN-noF 43 2000 256 15.44
CNN-noF 44 2000 256 15.51
CNN-noF 45 2000 256 15.42
CNN-noF 46 2000 256 15.42
CNN-noF 47 512 256 3.94
CNN-noF 48 512 256 3.95
CNN-noF 49 512 256 3.94
CNN-noF 50 512 256 3.95
CNN-noF 51 2000 256 15.45
CNN-noF 52 512 256 3.94
CNN-noF 53 2000 256 15.44
CNN-noF 54 2000 256 15.44
CNN-noF 55 2000 256 15.48
CNN-noF 56 512 256 3.95
CNN-noF 57 2000 256 15.54
CNN-noF 58 2000 256 15.41
CNN-noF 59 512 256 3.92
CNN-noF 60 2000 256 15.43
CNN-noF 61 512 256 3.93
CNN-noF 62 2000 256 15.45
CNN-noF 63 2000 256 15.48
CNN-noF 64 2000 256 15.45
CNN-noF 65 2000 256 15.42
CNN-noF 66 2000 256 15.42
CNN-noF 67 2000 256 15.43
CNN-noF 68 512 256 3.95
CNN-noF 69 512 256 3.96
CNN-noF 70 512 256 3.96
CNN-noF 71 2000 256 15.41
CNN-noF 72 2000 256 15.41
CNN-noF 73 2000 256 15.43
CNN-noF 74 512 256 3.94
CNN-noF 75 512 256 3.95
CNN-noF 76 2000 256 15.49
CNN-noF 77 2000 256 15.38
CNN-noF 78 512 256 3.94
CNN-noF 79 2000 256 15.43
CNN-noF 80 512 256 3.94
CNN-noF 81 512 256 3.94
CNN-noF 82 512 256 3.95
CNN-noF 83 2000 256 15.47
CNN-noF 84 2000 256 15.46
CNN-noF 85 2000 256 15.43
CNN-noF 86 512 256 3.94
CNN-noF 87 2000 256 15.49
CNN-noF 88 512 256 3.95
CNN-noF 89 512 256 3.95
CNN-noF 90 2000 256 15.48
CNN-noF 91 2000 256 15.37
CNN-noF 92 512 256 3.93
CNN-noF 93 2000 256 15.48
CNN-noF 94 512 256 3.93
CNN-noF 95 512 256 3.93
CNN-noF 96 2000 256 15.48
CNN-noF 97 2000 256 15.39
CNN-noF 98 2000 256 15.4
CNN-noF 99 512 256 3.93
CNN-noF 100 2000 256 15.43
CNN-noF 101 2000 256 15.44
CNN-noF 102 2000 256 15.41
CNN-noF 103 2000 256 15.42
CNN-noF 104 512 256 3.94
CNN-noF 105 2000 256 15.42
CNN-noF 106 2000 256 15.43
CNN-noF 107 2000 256 15.39
CNN-noF 108 2000 256 15.42
CNN-noF 109 512 256 3.95
CNN-noF 110 2000 256 15.37
CNN-noF 111 512 256 3.93
CNN-noF 112 2000 256 15.43
CNN-noF 113 512 256 3.94
CNN-noF 114 512 256 3.94
CNN-noF 115 2000 256 15.43
CNN-noF 116 2000 256 15.43
CNN-noF 117 2000 256 15.39
CNN-noF 118 2000 256 15.44
CNN-noF 119 2000 256 15.41
CNN-noF 120 512 256 3.94
CNN-noF 121 2000 256 15.43
CNN-noF 122 512 256 3.95
CNN-noF 123 512 256 3.97
CNN-noF 124 2000 256 15.52
CNN-noF 125 2000 256 15.41
CNN-noF 126 512 256 3.93
CNN-noF 127 512 256 3.94
CNN-noF 128 2000 256 15.4
CNN-noF 129 512 256 3.92
CNN-noF 130 512 256 3.93
CNN-noF 131 2000 256 15.5
CNN-noF 132 2000 256 15.39
CNN-noF 133 512 256 3.94
CNN-noF 134 2000 256 15.43
CNN-noF 135 2000 256 15.34
CNN-noF 136 2000 256 15.38
CNN-noF 137 2000 256 15.39
CNN-noF 138 512 256 3.93
CNN-noF 139 2000 256 15.43
CNN-noF 140 2000 256 15.51
CNN-noF 141 2000 256 15.41
CNN-noF 142 512 256 3.92
CNN-noF 143 2000 256 15.39
CNN-noF 144 512 256 3.93
CNN-noF 145 2000 256 15.41
CNN-noF 146 2000 256 15.52
CNN-noF 147 512 256 3.94
CNN-noF 148 512 256 3.94
CNN-noF 149 2000 256 15.42
CNN-noF 150 512 256 3.94
CNN-noF 151 512 256 3.94
CNN-noF 152 2000 256 15.42
CNN-noF 153 2000 256 15.42
CNN-noF 154 512 256 3.94
CNN-noF 155 2000 256 15.42
CNN-noF 156 2000 256 15.42
CNN-noF 157 2000 256 15.42
CNN-noF 158 512 256 3.92
CNN-noF 159 2000 256 15.41
CNN-noF 160 2000 256 15.41
CNN-noF 161 512 256 3.93
CNN-noF 162 2000 256 15.43
CNN-noF 163 2000 256 15.42
CNN-noF 164 2000 256 15.44
CNN-noF 165 512 256 3.91
CNN-noF 166 2000 256 15.43
CNN-noF 167 2000 256 15.44
CNN-noF 168 2000 256 15.43
CNN-noF 169 512 256 3.91
CNN-noF 170 2000 256 15.49
CNN-noF 171 512 256 3.93
CNN-noF 172 512 256 3.93
CNN-noF 173 2000 256 15.42
CNN-noF 174 512 256 3.93
CNN-noF 175 512 256 3.94
CNN-noF 176 512 256 3.93
CNN-noF 177 512 256 3.96
CNN-noF 178 2000 256 15.52
CNN-noF 179 2000 256 15.41
CNN-noF 180 2000 256 15.41
CNN-noF 181 2000 256 15.42
CNN-noF 182 512 256 3.93
CNN-noF 183 512 256 3.94
CNN-noF 184 2000 256 15.42
CNN-noF 185 2000 256 15.42
CNN-noF 186 2000 256 15.44
CNN-noF 187 2000 256 15.39
CNN-noF 188 2000 256 15.39
CNN-noF 189 512 256 3.93
CNN-noF 190 2000 256 15.44
CNN-noF 191 2000 256 15.54
CNN-noF 192 512 256 3.94
CNN-noF 193 2000 256 15.44
CNN-noF 194 2000 256 15.42
CNN-noF 195 2000 256 15.43
CNN-noF 196 2000 256 15.45
CNN-noF 197 512 256 3.92
CNN-noF 198 512 256 3.93
CNN-noF 199 512 256 3.94
