
=============
== PyTorch ==
=============

NVIDIA Release 26.07 (build 373437299)
PyTorch Version 2.13.0a0+9186a08
Container image Copyright (c) 2026, NVIDIA CORPORATION & AFFILIATES. All rights reserved.
Copyright (c) 2014-2024 Facebook Inc.
Copyright (c) 2011-2014 Idiap Research Institute (Ronan Collobert)
Copyright (c) 2012-2014 Deepmind Technologies    (Koray Kavukcuoglu)
Copyright (c) 2011-2012 NEC Laboratories America (Koray Kavukcuoglu)
Copyright (c) 2011-2013 NYU                      (Clement Farabet)
Copyright (c) 2006-2010 NEC Laboratories America (Ronan Collobert, Leon Bottou, Iain Melvin, Jason Weston)
Copyright (c) 2006      Idiap Research Institute (Samy Bengio)
Copyright (c) 2001-2004 Idiap Research Institute (Ronan Collobert, Samy Bengio, Johnny Mariethoz)
Copyright (c) 2015      Google Inc.
Copyright (c) 2015      Yangqing Jia
Copyright (c) 2013-2016 The Caffe contributors
All rights reserved.

Various files include modifications (c) NVIDIA CORPORATION & AFFILIATES.  All rights reserved.

GOVERNING TERMS: The software and materials are governed by the NVIDIA Software License Agreement
(found at https://www.nvidia.com/en-us/agreements/enterprise-software/nvidia-software-license-agreement/)
and the Product-Specific Terms for NVIDIA AI Products
(found at https://www.nvidia.com/en-us/agreements/enterprise-software/product-specific-terms-for-ai-products/).

NOTE: CUDA Forward Compatibility mode ENABLED.
  Using CUDA 13.3 driver version 610.43.02 with kernel driver version 580.178.04.
  See https://docs.nvidia.com/deploy/cuda-compatibility/ for details.

CNN-F-E1-rolling-seed3 0 512 256 8.29
CNN-F-E1-rolling-seed3 1 512 256 8.01
CNN-F-E1-rolling-seed3 2 512 256 8.02
CNN-F-E1-rolling-seed3 3 512 256 8.02
CNN-F-E1-rolling-seed3 4 512 256 8.02
CNN-F-E1-rolling-seed3 5 512 256 8.02
CNN-F-E1-rolling-seed3 6 2000 256 31.37
CNN-F-E1-rolling-seed3 7 2000 256 31.35
CNN-F-E1-rolling-seed3 8 2000 256 31.28
CNN-F-E1-rolling-seed3 9 2000 256 31.29
CNN-F-E1-rolling-seed3 10 2000 256 31.28
CNN-F-E1-rolling-seed3 11 512 256 8.01
CNN-F-E1-rolling-seed3 12 2000 256 31.27
CNN-F-E1-rolling-seed3 13 512 256 8.0
CNN-F-E1-rolling-seed3 14 512 256 8.0
CNN-F-E1-rolling-seed3 15 2000 256 31.29
CNN-F-E1-rolling-seed3 16 512 256 8.01
CNN-F-E1-rolling-seed3 17 2000 256 31.31
CNN-F-E1-rolling-seed3 18 512 256 8.01
CNN-F-E1-rolling-seed3 19 2000 256 31.28
CNN-F-E1-rolling-seed3 20 2000 256 31.29
CNN-F-E1-rolling-seed3 21 2000 256 31.29
CNN-F-E1-rolling-seed3 22 2000 256 31.27
CNN-F-E1-rolling-seed3 23 2000 256 31.27
CNN-F-E1-rolling-seed3 24 2000 256 31.27
CNN-F-E1-rolling-seed3 25 2000 256 31.28
CNN-F-E1-rolling-seed3 26 2000 256 31.27
CNN-F-E1-rolling-seed3 27 2000 256 31.26
CNN-F-E1-rolling-seed3 28 512 256 8.0
CNN-F-E1-rolling-seed3 29 2000 256 31.27
CNN-F-E1-rolling-seed3 30 512 256 8.0
CNN-F-E1-rolling-seed3 31 2000 256 31.27
CNN-F-E1-rolling-seed3 32 512 256 8.0
CNN-F-E1-rolling-seed3 33 512 256 8.01
CNN-F-E1-rolling-seed3 34 512 256 8.01
CNN-F-E1-rolling-seed3 35 2000 256 31.34
CNN-F-E1-rolling-seed3 36 2000 256 31.35
CNN-F-E1-rolling-seed3 37 2000 256 31.35
CNN-F-E1-rolling-seed3 38 2000 256 31.34
CNN-F-E1-rolling-seed3 39 2000 256 31.35
CNN-F-E1-rolling-seed3 40 2000 256 31.3
CNN-F-E1-rolling-seed3 41 2000 256 31.28
CNN-F-E1-rolling-seed3 42 2000 256 31.28
CNN-F-E1-rolling-seed3 43 2000 256 31.28
CNN-F-E1-rolling-seed3 44 2000 256 31.27
CNN-F-E1-rolling-seed3 45 2000 256 31.28
CNN-F-E1-rolling-seed3 46 2000 256 31.25
CNN-F-E1-rolling-seed3 47 512 256 8.0
CNN-F-E1-rolling-seed3 48 512 256 8.0
CNN-F-E1-rolling-seed3 49 512 256 7.99
CNN-F-E1-rolling-seed3 50 512 256 8.0
CNN-F-E1-rolling-seed3 51 2000 256 31.31
CNN-F-E1-rolling-seed3 52 512 256 8.16
CNN-F-E1-rolling-seed3 53 2000 256 31.88
CNN-F-E1-rolling-seed3 54 2000 256 31.39
CNN-F-E1-rolling-seed3 55 2000 256 31.28
CNN-F-E1-rolling-seed3 56 512 256 8.01
CNN-F-E1-rolling-seed3 57 2000 256 31.28
CNN-F-E1-rolling-seed3 58 2000 256 31.26
CNN-F-E1-rolling-seed3 59 512 256 8.0
CNN-F-E1-rolling-seed3 60 2000 256 31.26
CNN-F-E1-rolling-seed3 61 512 256 8.0
CNN-F-E1-rolling-seed3 62 2000 256 31.28
CNN-F-E1-rolling-seed3 63 2000 256 31.25
CNN-F-E1-rolling-seed3 64 2000 256 31.28
CNN-F-E1-rolling-seed3 65 2000 256 31.29
CNN-F-E1-rolling-seed3 66 2000 256 31.32
CNN-F-E1-rolling-seed3 67 2000 256 31.36
CNN-F-E1-rolling-seed3 68 512 256 8.02
CNN-F-E1-rolling-seed3 69 512 256 8.02
CNN-F-E1-rolling-seed3 70 512 256 8.02
CNN-F-E1-rolling-seed3 71 2000 256 31.37
CNN-F-E1-rolling-seed3 72 2000 256 31.33
CNN-F-E1-rolling-seed3 73 2000 256 31.32
CNN-F-E1-rolling-seed3 74 512 256 8.01
CNN-F-E1-rolling-seed3 75 512 256 8.0
CNN-F-E1-rolling-seed3 76 2000 256 31.3
CNN-F-E1-rolling-seed3 77 2000 256 31.26
CNN-F-E1-rolling-seed3 78 512 256 8.01
CNN-F-E1-rolling-seed3 79 2000 256 31.26
CNN-F-E1-rolling-seed3 80 512 256 8.0
CNN-F-E1-rolling-seed3 81 512 256 8.0
CNN-F-E1-rolling-seed3 82 512 256 8.0
CNN-F-E1-rolling-seed3 83 2000 256 31.26
CNN-F-E1-rolling-seed3 84 2000 256 31.26
CNN-F-E1-rolling-seed3 85 2000 256 31.27
CNN-F-E1-rolling-seed3 86 512 256 8.0
CNN-F-E1-rolling-seed3 87 2000 256 31.26
CNN-F-E1-rolling-seed3 88 512 256 8.0
CNN-F-E1-rolling-seed3 89 512 256 8.0
CNN-F-E1-rolling-seed3 90 2000 256 31.28
CNN-F-E1-rolling-seed3 91 2000 256 31.27
CNN-F-E1-rolling-seed3 92 512 256 8.0
CNN-F-E1-rolling-seed3 93 2000 256 31.33
CNN-F-E1-rolling-seed3 94 512 256 8.02
CNN-F-E1-rolling-seed3 95 512 256 8.02
CNN-F-E1-rolling-seed3 96 2000 256 31.36
CNN-F-E1-rolling-seed3 97 2000 256 31.34
CNN-F-E1-rolling-seed3 98 2000 256 31.32
CNN-F-E1-rolling-seed3 99 512 256 8.01
CNN-F-E1-rolling-seed3 100 2000 256 31.3
CNN-F-E1-rolling-seed3 101 2000 256 31.27
CNN-F-E1-rolling-seed3 102 2000 256 31.28
CNN-F-E1-rolling-seed3 103 2000 256 31.27
CNN-F-E1-rolling-seed3 104 512 256 8.01
CNN-F-E1-rolling-seed3 105 2000 256 31.26
CNN-F-E1-rolling-seed3 106 2000 256 31.3
CNN-F-E1-rolling-seed3 107 2000 256 31.27
CNN-F-E1-rolling-seed3 108 2000 256 31.28
CNN-F-E1-rolling-seed3 109 512 256 8.01
CNN-F-E1-rolling-seed3 110 2000 256 31.29
CNN-F-E1-rolling-seed3 111 512 256 8.0
CNN-F-E1-rolling-seed3 112 2000 256 31.28
CNN-F-E1-rolling-seed3 113 512 256 8.0
CNN-F-E1-rolling-seed3 114 512 256 8.0
CNN-F-E1-rolling-seed3 115 2000 256 31.28
CNN-F-E1-rolling-seed3 116 2000 256 31.28
CNN-F-E1-rolling-seed3 117 2000 256 31.27
CNN-F-E1-rolling-seed3 118 2000 256 31.27
CNN-F-E1-rolling-seed3 119 2000 256 31.29
CNN-F-E1-rolling-seed3 120 512 256 8.0
CNN-F-E1-rolling-seed3 121 2000 256 31.25
CNN-F-E1-rolling-seed3 122 512 256 8.01
CNN-F-E1-rolling-seed3 123 512 256 8.0
CNN-F-E1-rolling-seed3 124 2000 256 31.27
CNN-F-E1-rolling-seed3 125 2000 256 31.27
CNN-F-E1-rolling-seed3 126 512 256 8.0
CNN-F-E1-rolling-seed3 127 512 256 8.0
CNN-F-E1-rolling-seed3 128 2000 256 31.27
CNN-F-E1-rolling-seed3 129 512 256 8.0
CNN-F-E1-rolling-seed3 130 512 256 8.0
CNN-F-E1-rolling-seed3 131 2000 256 31.27
CNN-F-E1-rolling-seed3 132 2000 256 31.27
CNN-F-E1-rolling-seed3 133 512 256 8.0
CNN-F-E1-rolling-seed3 134 2000 256 31.27
CNN-F-E1-rolling-seed3 135 2000 256 31.28
CNN-F-E1-rolling-seed3 136 2000 256 31.26
CNN-F-E1-rolling-seed3 137 2000 256 31.28
CNN-F-E1-rolling-seed3 138 512 256 8.0
CNN-F-E1-rolling-seed3 139 2000 256 31.29
CNN-F-E1-rolling-seed3 140 2000 256 31.26
CNN-F-E1-rolling-seed3 141 2000 256 31.29
CNN-F-E1-rolling-seed3 142 512 256 8.01
CNN-F-E1-rolling-seed3 143 2000 256 31.26
CNN-F-E1-rolling-seed3 144 512 256 8.0
CNN-F-E1-rolling-seed3 145 2000 256 31.27
CNN-F-E1-rolling-seed3 146 2000 256 31.28
CNN-F-E1-rolling-seed3 147 512 256 8.0
CNN-F-E1-rolling-seed3 148 512 256 8.0
CNN-F-E1-rolling-seed3 149 2000 256 31.27
CNN-F-E1-rolling-seed3 150 512 256 8.01
CNN-F-E1-rolling-seed3 151 512 256 8.0
CNN-F-E1-rolling-seed3 152 2000 256 31.28
CNN-F-E1-rolling-seed3 153 2000 256 31.28
CNN-F-E1-rolling-seed3 154 512 256 8.01
CNN-F-E1-rolling-seed3 155 2000 256 31.26
CNN-F-E1-rolling-seed3 156 2000 256 31.28
CNN-F-E1-rolling-seed3 157 2000 256 31.27
CNN-F-E1-rolling-seed3 158 512 256 8.0
CNN-F-E1-rolling-seed3 159 2000 256 31.27
CNN-F-E1-rolling-seed3 160 2000 256 31.3
CNN-F-E1-rolling-seed3 161 512 256 8.01
CNN-F-E1-rolling-seed3 162 2000 256 31.28
CNN-F-E1-rolling-seed3 163 2000 256 31.29
CNN-F-E1-rolling-seed3 164 2000 256 31.29
CNN-F-E1-rolling-seed3 165 512 256 8.0
CNN-F-E1-rolling-seed3 166 2000 256 31.27
CNN-F-E1-rolling-seed3 167 2000 256 31.28
CNN-F-E1-rolling-seed3 168 2000 256 31.27
CNN-F-E1-rolling-seed3 169 512 256 8.0
CNN-F-E1-rolling-seed3 170 2000 256 31.27
CNN-F-E1-rolling-seed3 171 512 256 8.01
CNN-F-E1-rolling-seed3 172 512 256 8.0
CNN-F-E1-rolling-seed3 173 2000 256 31.29
CNN-F-E1-rolling-seed3 174 512 256 8.0
CNN-F-E1-rolling-seed3 175 512 256 8.0
CNN-F-E1-rolling-seed3 176 512 256 8.01
CNN-F-E1-rolling-seed3 177 512 256 8.0
CNN-F-E1-rolling-seed3 178 2000 256 31.27
CNN-F-E1-rolling-seed3 179 2000 256 31.28
CNN-F-E1-rolling-seed3 180 2000 256 31.29
CNN-F-E1-rolling-seed3 181 2000 256 31.26
CNN-F-E1-rolling-seed3 182 512 256 8.01
CNN-F-E1-rolling-seed3 183 512 256 8.0
CNN-F-E1-rolling-seed3 184 2000 256 31.29
CNN-F-E1-rolling-seed3 185 2000 256 31.27
CNN-F-E1-rolling-seed3 186 2000 256 31.26
CNN-F-E1-rolling-seed3 187 2000 256 31.28
CNN-F-E1-rolling-seed3 188 2000 256 31.27
CNN-F-E1-rolling-seed3 189 512 256 8.01
CNN-F-E1-rolling-seed3 190 2000 256 31.29
CNN-F-E1-rolling-seed3 191 2000 256 31.28
CNN-F-E1-rolling-seed3 192 512 256 8.01
CNN-F-E1-rolling-seed3 193 2000 256 31.27
CNN-F-E1-rolling-seed3 194 2000 256 31.29
CNN-F-E1-rolling-seed3 195 2000 256 31.27
CNN-F-E1-rolling-seed3 196 2000 256 31.28
CNN-F-E1-rolling-seed3 197 512 256 8.0
CNN-F-E1-rolling-seed3 198 512 256 8.0
CNN-F-E1-rolling-seed3 199 512 256 8.01
