
=============
== PyTorch ==
=============

NVIDIA Release 26.07 (build 373437299)
PyTorch Version 2.13.0a0+9186a08
Container image Copyright (c) 2026, NVIDIA CORPORATION & AFFILIATES. All rights reserved.
Copyright (c) 2014-2024 Facebook Inc.
Copyright (c) 2011-2014 Idiap Research Institute (Ronan Collobert)
Copyright (c) 2012-2014 Deepmind Technologies    (Koray Kavukcuoglu)
Copyright (c) 2011-2012 NEC Laboratories America (Koray Kavukcuoglu)
Copyright (c) 2011-2013 NYU                      (Clement Farabet)
Copyright (c) 2006-2010 NEC Laboratories America (Ronan Collobert, Leon Bottou, Iain Melvin, Jason Weston)
Copyright (c) 2006      Idiap Research Institute (Samy Bengio)
Copyright (c) 2001-2004 Idiap Research Institute (Ronan Collobert, Samy Bengio, Johnny Mariethoz)
Copyright (c) 2015      Google Inc.
Copyright (c) 2015      Yangqing Jia
Copyright (c) 2013-2016 The Caffe contributors
All rights reserved.

Various files include modifications (c) NVIDIA CORPORATION & AFFILIATES.  All rights reserved.

GOVERNING TERMS: The software and materials are governed by the NVIDIA Software License Agreement
(found at https://www.nvidia.com/en-us/agreements/enterprise-software/nvidia-software-license-agreement/)
and the Product-Specific Terms for NVIDIA AI Products
(found at https://www.nvidia.com/en-us/agreements/enterprise-software/product-specific-terms-for-ai-products/).

NOTE: CUDA Forward Compatibility mode ENABLED.
  Using CUDA 13.3 driver version 610.43.02 with kernel driver version 580.178.04.
  See https://docs.nvidia.com/deploy/cuda-compatibility/ for details.

CNN-F-E1-rolling-seed4 0 512 256 8.28
CNN-F-E1-rolling-seed4 1 512 256 8.02
CNN-F-E1-rolling-seed4 2 512 256 8.02
CNN-F-E1-rolling-seed4 3 512 256 8.02
CNN-F-E1-rolling-seed4 4 512 256 8.02
CNN-F-E1-rolling-seed4 5 512 256 8.03
CNN-F-E1-rolling-seed4 6 2000 256 31.43
CNN-F-E1-rolling-seed4 7 2000 256 31.43
CNN-F-E1-rolling-seed4 8 2000 256 31.47
CNN-F-E1-rolling-seed4 9 2000 256 31.43
CNN-F-E1-rolling-seed4 10 2000 256 31.37
CNN-F-E1-rolling-seed4 11 512 256 8.03
CNN-F-E1-rolling-seed4 12 2000 256 31.37
CNN-F-E1-rolling-seed4 13 512 256 8.03
CNN-F-E1-rolling-seed4 14 512 256 8.03
CNN-F-E1-rolling-seed4 15 2000 256 31.37
CNN-F-E1-rolling-seed4 16 512 256 8.03
CNN-F-E1-rolling-seed4 17 2000 256 31.67
CNN-F-E1-rolling-seed4 18 512 256 8.14
CNN-F-E1-rolling-seed4 19 2000 256 31.78
CNN-F-E1-rolling-seed4 20 2000 256 31.33
CNN-F-E1-rolling-seed4 21 2000 256 31.36
CNN-F-E1-rolling-seed4 22 2000 256 31.33
CNN-F-E1-rolling-seed4 23 2000 256 31.32
CNN-F-E1-rolling-seed4 24 2000 256 31.35
CNN-F-E1-rolling-seed4 25 2000 256 31.33
CNN-F-E1-rolling-seed4 26 2000 256 31.38
CNN-F-E1-rolling-seed4 27 2000 256 31.42
CNN-F-E1-rolling-seed4 28 512 256 8.04
CNN-F-E1-rolling-seed4 29 2000 256 31.44
CNN-F-E1-rolling-seed4 30 512 256 8.05
CNN-F-E1-rolling-seed4 31 2000 256 31.43
CNN-F-E1-rolling-seed4 32 512 256 8.05
CNN-F-E1-rolling-seed4 33 512 256 8.03
CNN-F-E1-rolling-seed4 34 512 256 8.03
CNN-F-E1-rolling-seed4 35 2000 256 31.38
CNN-F-E1-rolling-seed4 36 2000 256 31.38
CNN-F-E1-rolling-seed4 37 2000 256 31.35
CNN-F-E1-rolling-seed4 38 2000 256 31.37
CNN-F-E1-rolling-seed4 39 2000 256 31.35
CNN-F-E1-rolling-seed4 40 2000 256 31.35
CNN-F-E1-rolling-seed4 41 2000 256 31.35
CNN-F-E1-rolling-seed4 42 2000 256 31.35
CNN-F-E1-rolling-seed4 43 2000 256 31.34
CNN-F-E1-rolling-seed4 44 2000 256 31.34
CNN-F-E1-rolling-seed4 45 2000 256 31.35
CNN-F-E1-rolling-seed4 46 2000 256 31.33
CNN-F-E1-rolling-seed4 47 512 256 8.02
CNN-F-E1-rolling-seed4 48 512 256 8.02
CNN-F-E1-rolling-seed4 49 512 256 8.02
CNN-F-E1-rolling-seed4 50 512 256 8.02
CNN-F-E1-rolling-seed4 51 2000 256 31.35
CNN-F-E1-rolling-seed4 52 512 256 8.02
CNN-F-E1-rolling-seed4 53 2000 256 31.35
CNN-F-E1-rolling-seed4 54 2000 256 31.34
CNN-F-E1-rolling-seed4 55 2000 256 31.36
CNN-F-E1-rolling-seed4 56 512 256 8.02
CNN-F-E1-rolling-seed4 57 2000 256 31.35
CNN-F-E1-rolling-seed4 58 2000 256 31.33
CNN-F-E1-rolling-seed4 59 512 256 8.02
CNN-F-E1-rolling-seed4 60 2000 256 31.35
CNN-F-E1-rolling-seed4 61 512 256 8.02
CNN-F-E1-rolling-seed4 62 2000 256 31.35
CNN-F-E1-rolling-seed4 63 2000 256 31.34
CNN-F-E1-rolling-seed4 64 2000 256 31.36
CNN-F-E1-rolling-seed4 65 2000 256 31.34
CNN-F-E1-rolling-seed4 66 2000 256 31.33
CNN-F-E1-rolling-seed4 67 2000 256 31.36
CNN-F-E1-rolling-seed4 68 512 256 8.02
CNN-F-E1-rolling-seed4 69 512 256 8.02
CNN-F-E1-rolling-seed4 70 512 256 8.02
CNN-F-E1-rolling-seed4 71 2000 256 31.35
CNN-F-E1-rolling-seed4 72 2000 256 31.33
CNN-F-E1-rolling-seed4 73 2000 256 31.35
CNN-F-E1-rolling-seed4 74 512 256 8.02
CNN-F-E1-rolling-seed4 75 512 256 8.02
CNN-F-E1-rolling-seed4 76 2000 256 31.36
CNN-F-E1-rolling-seed4 77 2000 256 31.33
CNN-F-E1-rolling-seed4 78 512 256 8.02
CNN-F-E1-rolling-seed4 79 2000 256 31.33
CNN-F-E1-rolling-seed4 80 512 256 8.02
CNN-F-E1-rolling-seed4 81 512 256 8.02
CNN-F-E1-rolling-seed4 82 512 256 8.02
CNN-F-E1-rolling-seed4 83 2000 256 31.35
CNN-F-E1-rolling-seed4 84 2000 256 31.35
CNN-F-E1-rolling-seed4 85 2000 256 31.37
CNN-F-E1-rolling-seed4 86 512 256 8.02
CNN-F-E1-rolling-seed4 87 2000 256 31.35
CNN-F-E1-rolling-seed4 88 512 256 8.03
CNN-F-E1-rolling-seed4 89 512 256 8.02
CNN-F-E1-rolling-seed4 90 2000 256 31.35
CNN-F-E1-rolling-seed4 91 2000 256 31.35
CNN-F-E1-rolling-seed4 92 512 256 8.02
CNN-F-E1-rolling-seed4 93 2000 256 31.34
CNN-F-E1-rolling-seed4 94 512 256 8.04
CNN-F-E1-rolling-seed4 95 512 256 8.02
CNN-F-E1-rolling-seed4 96 2000 256 31.34
CNN-F-E1-rolling-seed4 97 2000 256 31.34
CNN-F-E1-rolling-seed4 98 2000 256 31.37
CNN-F-E1-rolling-seed4 99 512 256 8.02
CNN-F-E1-rolling-seed4 100 2000 256 31.34
CNN-F-E1-rolling-seed4 101 2000 256 31.36
CNN-F-E1-rolling-seed4 102 2000 256 31.36
CNN-F-E1-rolling-seed4 103 2000 256 31.34
CNN-F-E1-rolling-seed4 104 512 256 8.02
CNN-F-E1-rolling-seed4 105 2000 256 31.35
CNN-F-E1-rolling-seed4 106 2000 256 31.35
CNN-F-E1-rolling-seed4 107 2000 256 31.34
CNN-F-E1-rolling-seed4 108 2000 256 31.35
CNN-F-E1-rolling-seed4 109 512 256 8.02
CNN-F-E1-rolling-seed4 110 2000 256 31.36
CNN-F-E1-rolling-seed4 111 512 256 8.02
CNN-F-E1-rolling-seed4 112 2000 256 31.34
CNN-F-E1-rolling-seed4 113 512 256 8.03
CNN-F-E1-rolling-seed4 114 512 256 8.02
CNN-F-E1-rolling-seed4 115 2000 256 31.35
CNN-F-E1-rolling-seed4 116 2000 256 31.36
CNN-F-E1-rolling-seed4 117 2000 256 31.33
CNN-F-E1-rolling-seed4 118 2000 256 31.37
CNN-F-E1-rolling-seed4 119 2000 256 31.34
CNN-F-E1-rolling-seed4 120 512 256 8.02
CNN-F-E1-rolling-seed4 121 2000 256 31.35
CNN-F-E1-rolling-seed4 122 512 256 8.02
CNN-F-E1-rolling-seed4 123 512 256 8.02
CNN-F-E1-rolling-seed4 124 2000 256 31.35
CNN-F-E1-rolling-seed4 125 2000 256 31.33
CNN-F-E1-rolling-seed4 126 512 256 8.02
CNN-F-E1-rolling-seed4 127 512 256 8.02
CNN-F-E1-rolling-seed4 128 2000 256 31.34
CNN-F-E1-rolling-seed4 129 512 256 8.02
CNN-F-E1-rolling-seed4 130 512 256 8.02
CNN-F-E1-rolling-seed4 131 2000 256 31.34
CNN-F-E1-rolling-seed4 132 2000 256 31.34
CNN-F-E1-rolling-seed4 133 512 256 8.02
CNN-F-E1-rolling-seed4 134 2000 256 31.36
CNN-F-E1-rolling-seed4 135 2000 256 31.4
CNN-F-E1-rolling-seed4 136 2000 256 31.45
CNN-F-E1-rolling-seed4 137 2000 256 31.43
CNN-F-E1-rolling-seed4 138 512 256 8.06
CNN-F-E1-rolling-seed4 139 2000 256 31.4
CNN-F-E1-rolling-seed4 140 2000 256 31.38
CNN-F-E1-rolling-seed4 141 2000 256 31.35
CNN-F-E1-rolling-seed4 142 512 256 8.02
CNN-F-E1-rolling-seed4 143 2000 256 31.35
CNN-F-E1-rolling-seed4 144 512 256 8.02
CNN-F-E1-rolling-seed4 145 2000 256 31.35
CNN-F-E1-rolling-seed4 146 2000 256 31.34
CNN-F-E1-rolling-seed4 147 512 256 8.02
CNN-F-E1-rolling-seed4 148 512 256 8.02
CNN-F-E1-rolling-seed4 149 2000 256 31.35
CNN-F-E1-rolling-seed4 150 512 256 8.02
CNN-F-E1-rolling-seed4 151 512 256 8.02
CNN-F-E1-rolling-seed4 152 2000 256 31.34
CNN-F-E1-rolling-seed4 153 2000 256 31.34
CNN-F-E1-rolling-seed4 154 512 256 8.02
CNN-F-E1-rolling-seed4 155 2000 256 31.34
CNN-F-E1-rolling-seed4 156 2000 256 31.36
CNN-F-E1-rolling-seed4 157 2000 256 31.34
CNN-F-E1-rolling-seed4 158 512 256 8.02
CNN-F-E1-rolling-seed4 159 2000 256 31.33
CNN-F-E1-rolling-seed4 160 2000 256 31.35
CNN-F-E1-rolling-seed4 161 512 256 8.02
CNN-F-E1-rolling-seed4 162 2000 256 31.34
CNN-F-E1-rolling-seed4 163 2000 256 31.34
CNN-F-E1-rolling-seed4 164 2000 256 31.36
CNN-F-E1-rolling-seed4 165 512 256 8.02
CNN-F-E1-rolling-seed4 166 2000 256 31.33
CNN-F-E1-rolling-seed4 167 2000 256 31.35
CNN-F-E1-rolling-seed4 168 2000 256 31.34
CNN-F-E1-rolling-seed4 169 512 256 8.02
CNN-F-E1-rolling-seed4 170 2000 256 31.33
CNN-F-E1-rolling-seed4 171 512 256 8.02
CNN-F-E1-rolling-seed4 172 512 256 8.02
CNN-F-E1-rolling-seed4 173 2000 256 31.35
CNN-F-E1-rolling-seed4 174 512 256 8.02
CNN-F-E1-rolling-seed4 175 512 256 8.03
CNN-F-E1-rolling-seed4 176 512 256 8.03
CNN-F-E1-rolling-seed4 177 512 256 8.08
CNN-F-E1-rolling-seed4 178 2000 256 31.93
CNN-F-E1-rolling-seed4 179 2000 256 31.5
CNN-F-E1-rolling-seed4 180 2000 256 31.35
CNN-F-E1-rolling-seed4 181 2000 256 31.34
CNN-F-E1-rolling-seed4 182 512 256 8.03
CNN-F-E1-rolling-seed4 183 512 256 8.02
CNN-F-E1-rolling-seed4 184 2000 256 31.36
CNN-F-E1-rolling-seed4 185 2000 256 31.34
CNN-F-E1-rolling-seed4 186 2000 256 31.32
CNN-F-E1-rolling-seed4 187 2000 256 31.34
CNN-F-E1-rolling-seed4 188 2000 256 31.34
CNN-F-E1-rolling-seed4 189 512 256 8.02
CNN-F-E1-rolling-seed4 190 2000 256 31.35
CNN-F-E1-rolling-seed4 191 2000 256 31.35
CNN-F-E1-rolling-seed4 192 512 256 8.02
CNN-F-E1-rolling-seed4 193 2000 256 31.36
CNN-F-E1-rolling-seed4 194 2000 256 31.35
CNN-F-E1-rolling-seed4 195 2000 256 31.34
CNN-F-E1-rolling-seed4 196 2000 256 31.34
CNN-F-E1-rolling-seed4 197 512 256 8.02
CNN-F-E1-rolling-seed4 198 512 256 8.02
CNN-F-E1-rolling-seed4 199 512 256 8.02
