
=============
== PyTorch ==
=============

NVIDIA Release 26.07 (build 373437299)
PyTorch Version 2.13.0a0+9186a08
Container image Copyright (c) 2026, NVIDIA CORPORATION & AFFILIATES. All rights reserved.
Copyright (c) 2014-2024 Facebook Inc.
Copyright (c) 2011-2014 Idiap Research Institute (Ronan Collobert)
Copyright (c) 2012-2014 Deepmind Technologies    (Koray Kavukcuoglu)
Copyright (c) 2011-2012 NEC Laboratories America (Koray Kavukcuoglu)
Copyright (c) 2011-2013 NYU                      (Clement Farabet)
Copyright (c) 2006-2010 NEC Laboratories America (Ronan Collobert, Leon Bottou, Iain Melvin, Jason Weston)
Copyright (c) 2006      Idiap Research Institute (Samy Bengio)
Copyright (c) 2001-2004 Idiap Research Institute (Ronan Collobert, Samy Bengio, Johnny Mariethoz)
Copyright (c) 2015      Google Inc.
Copyright (c) 2015      Yangqing Jia
Copyright (c) 2013-2016 The Caffe contributors
All rights reserved.

Various files include modifications (c) NVIDIA CORPORATION & AFFILIATES.  All rights reserved.

GOVERNING TERMS: The software and materials are governed by the NVIDIA Software License Agreement
(found at https://www.nvidia.com/en-us/agreements/enterprise-software/nvidia-software-license-agreement/)
and the Product-Specific Terms for NVIDIA AI Products
(found at https://www.nvidia.com/en-us/agreements/enterprise-software/product-specific-terms-for-ai-products/).

NOTE: CUDA Forward Compatibility mode ENABLED.
  Using CUDA 13.3 driver version 610.43.02 with kernel driver version 580.178.04.
  See https://docs.nvidia.com/deploy/cuda-compatibility/ for details.

CNN-F-E1-rolling-seed2 0 512 256 8.17
CNN-F-E1-rolling-seed2 1 512 256 7.88
CNN-F-E1-rolling-seed2 2 512 256 7.88
CNN-F-E1-rolling-seed2 3 512 256 7.89
CNN-F-E1-rolling-seed2 4 512 256 7.9
CNN-F-E1-rolling-seed2 5 512 256 7.87
CNN-F-E1-rolling-seed2 6 2000 256 30.84
CNN-F-E1-rolling-seed2 7 2000 256 30.82
CNN-F-E1-rolling-seed2 8 2000 256 30.82
CNN-F-E1-rolling-seed2 9 2000 256 30.83
CNN-F-E1-rolling-seed2 10 2000 256 30.81
CNN-F-E1-rolling-seed2 11 512 256 7.88
CNN-F-E1-rolling-seed2 12 2000 256 30.82
CNN-F-E1-rolling-seed2 13 512 256 7.89
CNN-F-E1-rolling-seed2 14 512 256 7.9
CNN-F-E1-rolling-seed2 15 2000 256 30.84
CNN-F-E1-rolling-seed2 16 512 256 7.88
CNN-F-E1-rolling-seed2 17 2000 256 30.83
CNN-F-E1-rolling-seed2 18 512 256 7.9
CNN-F-E1-rolling-seed2 19 2000 256 30.8
CNN-F-E1-rolling-seed2 20 2000 256 30.84
CNN-F-E1-rolling-seed2 21 2000 256 30.82
CNN-F-E1-rolling-seed2 22 2000 256 30.85
CNN-F-E1-rolling-seed2 23 2000 256 30.8
CNN-F-E1-rolling-seed2 24 2000 256 30.84
CNN-F-E1-rolling-seed2 25 2000 256 30.84
CNN-F-E1-rolling-seed2 26 2000 256 30.86
CNN-F-E1-rolling-seed2 27 2000 256 30.82
CNN-F-E1-rolling-seed2 28 512 256 7.89
CNN-F-E1-rolling-seed2 29 2000 256 30.83
CNN-F-E1-rolling-seed2 30 512 256 7.89
CNN-F-E1-rolling-seed2 31 2000 256 30.82
CNN-F-E1-rolling-seed2 32 512 256 7.89
CNN-F-E1-rolling-seed2 33 512 256 7.88
CNN-F-E1-rolling-seed2 34 512 256 7.9
CNN-F-E1-rolling-seed2 35 2000 256 30.83
CNN-F-E1-rolling-seed2 36 2000 256 30.89
CNN-F-E1-rolling-seed2 37 2000 256 31.57
CNN-F-E1-rolling-seed2 38 2000 256 31.15
CNN-F-E1-rolling-seed2 39 2000 256 30.82
CNN-F-E1-rolling-seed2 40 2000 256 30.83
CNN-F-E1-rolling-seed2 41 2000 256 30.81
CNN-F-E1-rolling-seed2 42 2000 256 30.82
CNN-F-E1-rolling-seed2 43 2000 256 30.81
CNN-F-E1-rolling-seed2 44 2000 256 30.82
CNN-F-E1-rolling-seed2 45 2000 256 30.81
CNN-F-E1-rolling-seed2 46 2000 256 30.83
CNN-F-E1-rolling-seed2 47 512 256 7.87
CNN-F-E1-rolling-seed2 48 512 256 7.88
CNN-F-E1-rolling-seed2 49 512 256 7.9
CNN-F-E1-rolling-seed2 50 512 256 7.9
CNN-F-E1-rolling-seed2 51 2000 256 30.84
CNN-F-E1-rolling-seed2 52 512 256 7.88
CNN-F-E1-rolling-seed2 53 2000 256 30.85
CNN-F-E1-rolling-seed2 54 2000 256 30.82
CNN-F-E1-rolling-seed2 55 2000 256 30.86
CNN-F-E1-rolling-seed2 56 512 256 7.88
CNN-F-E1-rolling-seed2 57 2000 256 30.8
CNN-F-E1-rolling-seed2 58 2000 256 30.84
CNN-F-E1-rolling-seed2 59 512 256 7.88
CNN-F-E1-rolling-seed2 60 2000 256 30.81
CNN-F-E1-rolling-seed2 61 512 256 7.89
CNN-F-E1-rolling-seed2 62 2000 256 30.83
CNN-F-E1-rolling-seed2 63 2000 256 30.85
CNN-F-E1-rolling-seed2 64 2000 256 30.82
CNN-F-E1-rolling-seed2 65 2000 256 30.85
CNN-F-E1-rolling-seed2 66 2000 256 30.8
CNN-F-E1-rolling-seed2 67 2000 256 30.85
CNN-F-E1-rolling-seed2 68 512 256 7.88
CNN-F-E1-rolling-seed2 69 512 256 7.88
CNN-F-E1-rolling-seed2 70 512 256 7.88
CNN-F-E1-rolling-seed2 71 2000 256 30.82
CNN-F-E1-rolling-seed2 72 2000 256 30.8
CNN-F-E1-rolling-seed2 73 2000 256 30.8
CNN-F-E1-rolling-seed2 74 512 256 7.9
CNN-F-E1-rolling-seed2 75 512 256 7.88
CNN-F-E1-rolling-seed2 76 2000 256 30.81
CNN-F-E1-rolling-seed2 77 2000 256 30.82
CNN-F-E1-rolling-seed2 78 512 256 7.88
CNN-F-E1-rolling-seed2 79 2000 256 30.8
CNN-F-E1-rolling-seed2 80 512 256 7.89
CNN-F-E1-rolling-seed2 81 512 256 7.9
CNN-F-E1-rolling-seed2 82 512 256 7.88
CNN-F-E1-rolling-seed2 83 2000 256 30.8
CNN-F-E1-rolling-seed2 84 2000 256 30.83
CNN-F-E1-rolling-seed2 85 2000 256 30.8
CNN-F-E1-rolling-seed2 86 512 256 7.89
CNN-F-E1-rolling-seed2 87 2000 256 30.82
CNN-F-E1-rolling-seed2 88 512 256 7.88
CNN-F-E1-rolling-seed2 89 512 256 7.89
CNN-F-E1-rolling-seed2 90 2000 256 30.84
CNN-F-E1-rolling-seed2 91 2000 256 30.8
CNN-F-E1-rolling-seed2 92 512 256 7.88
CNN-F-E1-rolling-seed2 93 2000 256 30.85
CNN-F-E1-rolling-seed2 94 512 256 7.88
CNN-F-E1-rolling-seed2 95 512 256 7.88
CNN-F-E1-rolling-seed2 96 2000 256 30.82
CNN-F-E1-rolling-seed2 97 2000 256 30.79
CNN-F-E1-rolling-seed2 98 2000 256 30.86
CNN-F-E1-rolling-seed2 99 512 256 7.88
CNN-F-E1-rolling-seed2 100 2000 256 30.8
CNN-F-E1-rolling-seed2 101 2000 256 30.84
CNN-F-E1-rolling-seed2 102 2000 256 30.81
CNN-F-E1-rolling-seed2 103 2000 256 30.82
CNN-F-E1-rolling-seed2 104 512 256 7.88
CNN-F-E1-rolling-seed2 105 2000 256 30.84
CNN-F-E1-rolling-seed2 106 2000 256 30.84
CNN-F-E1-rolling-seed2 107 2000 256 30.81
CNN-F-E1-rolling-seed2 108 2000 256 30.82
CNN-F-E1-rolling-seed2 109 512 256 7.88
CNN-F-E1-rolling-seed2 110 2000 256 30.84
CNN-F-E1-rolling-seed2 111 512 256 7.89
CNN-F-E1-rolling-seed2 112 2000 256 30.81
CNN-F-E1-rolling-seed2 113 512 256 7.89
CNN-F-E1-rolling-seed2 114 512 256 7.88
CNN-F-E1-rolling-seed2 115 2000 256 30.83
CNN-F-E1-rolling-seed2 116 2000 256 30.83
CNN-F-E1-rolling-seed2 117 2000 256 30.83
CNN-F-E1-rolling-seed2 118 2000 256 30.84
CNN-F-E1-rolling-seed2 119 2000 256 30.84
CNN-F-E1-rolling-seed2 120 512 256 7.87
CNN-F-E1-rolling-seed2 121 2000 256 30.85
CNN-F-E1-rolling-seed2 122 512 256 7.9
CNN-F-E1-rolling-seed2 123 512 256 7.88
CNN-F-E1-rolling-seed2 124 2000 256 30.81
CNN-F-E1-rolling-seed2 125 2000 256 30.86
CNN-F-E1-rolling-seed2 126 512 256 7.88
CNN-F-E1-rolling-seed2 127 512 256 7.86
CNN-F-E1-rolling-seed2 128 2000 256 30.87
CNN-F-E1-rolling-seed2 129 512 256 7.9
CNN-F-E1-rolling-seed2 130 512 256 7.88
CNN-F-E1-rolling-seed2 131 2000 256 30.83
CNN-F-E1-rolling-seed2 132 2000 256 30.81
CNN-F-E1-rolling-seed2 133 512 256 7.87
CNN-F-E1-rolling-seed2 134 2000 256 30.84
CNN-F-E1-rolling-seed2 135 2000 256 30.8
CNN-F-E1-rolling-seed2 136 2000 256 30.85
CNN-F-E1-rolling-seed2 137 2000 256 30.81
CNN-F-E1-rolling-seed2 138 512 256 7.88
CNN-F-E1-rolling-seed2 139 2000 256 30.84
CNN-F-E1-rolling-seed2 140 2000 256 30.81
CNN-F-E1-rolling-seed2 141 2000 256 30.83
CNN-F-E1-rolling-seed2 142 512 256 7.89
CNN-F-E1-rolling-seed2 143 2000 256 30.83
CNN-F-E1-rolling-seed2 144 512 256 7.9
CNN-F-E1-rolling-seed2 145 2000 256 30.85
CNN-F-E1-rolling-seed2 146 2000 256 30.83
CNN-F-E1-rolling-seed2 147 512 256 7.89
CNN-F-E1-rolling-seed2 148 512 256 7.88
CNN-F-E1-rolling-seed2 149 2000 256 30.83
CNN-F-E1-rolling-seed2 150 512 256 7.91
CNN-F-E1-rolling-seed2 151 512 256 7.88
CNN-F-E1-rolling-seed2 152 2000 256 30.83
CNN-F-E1-rolling-seed2 153 2000 256 30.82
CNN-F-E1-rolling-seed2 154 512 256 7.89
CNN-F-E1-rolling-seed2 155 2000 256 30.84
CNN-F-E1-rolling-seed2 156 2000 256 30.85
CNN-F-E1-rolling-seed2 157 2000 256 30.82
CNN-F-E1-rolling-seed2 158 512 256 7.87
CNN-F-E1-rolling-seed2 159 2000 256 30.88
CNN-F-E1-rolling-seed2 160 2000 256 30.84
CNN-F-E1-rolling-seed2 161 512 256 7.91
CNN-F-E1-rolling-seed2 162 2000 256 30.86
CNN-F-E1-rolling-seed2 163 2000 256 30.83
CNN-F-E1-rolling-seed2 164 2000 256 30.83
CNN-F-E1-rolling-seed2 165 512 256 7.87
CNN-F-E1-rolling-seed2 166 2000 256 30.85
CNN-F-E1-rolling-seed2 167 2000 256 30.81
CNN-F-E1-rolling-seed2 168 2000 256 30.85
CNN-F-E1-rolling-seed2 169 512 256 7.88
CNN-F-E1-rolling-seed2 170 2000 256 30.82
CNN-F-E1-rolling-seed2 171 512 256 7.91
CNN-F-E1-rolling-seed2 172 512 256 7.9
CNN-F-E1-rolling-seed2 173 2000 256 30.87
CNN-F-E1-rolling-seed2 174 512 256 7.9
CNN-F-E1-rolling-seed2 175 512 256 7.89
CNN-F-E1-rolling-seed2 176 512 256 7.91
CNN-F-E1-rolling-seed2 177 512 256 7.89
CNN-F-E1-rolling-seed2 178 2000 256 30.86
CNN-F-E1-rolling-seed2 179 2000 256 30.84
CNN-F-E1-rolling-seed2 180 2000 256 30.83
CNN-F-E1-rolling-seed2 181 2000 256 30.85
CNN-F-E1-rolling-seed2 182 512 256 7.89
CNN-F-E1-rolling-seed2 183 512 256 7.88
CNN-F-E1-rolling-seed2 184 2000 256 30.84
CNN-F-E1-rolling-seed2 185 2000 256 30.83
CNN-F-E1-rolling-seed2 186 2000 256 30.85
CNN-F-E1-rolling-seed2 187 2000 256 30.89
CNN-F-E1-rolling-seed2 188 2000 256 30.92
CNN-F-E1-rolling-seed2 189 512 256 7.9
CNN-F-E1-rolling-seed2 190 2000 256 30.87
CNN-F-E1-rolling-seed2 191 2000 256 30.85
CNN-F-E1-rolling-seed2 192 512 256 7.88
CNN-F-E1-rolling-seed2 193 2000 256 30.85
CNN-F-E1-rolling-seed2 194 2000 256 30.84
CNN-F-E1-rolling-seed2 195 2000 256 30.83
CNN-F-E1-rolling-seed2 196 2000 256 30.86
CNN-F-E1-rolling-seed2 197 512 256 7.89
CNN-F-E1-rolling-seed2 198 512 256 7.91
CNN-F-E1-rolling-seed2 199 512 256 7.95
