
=============
== PyTorch ==
=============

NVIDIA Release 26.07 (build 373437299)
PyTorch Version 2.13.0a0+9186a08
Container image Copyright (c) 2026, NVIDIA CORPORATION & AFFILIATES. All rights reserved.
Copyright (c) 2014-2024 Facebook Inc.
Copyright (c) 2011-2014 Idiap Research Institute (Ronan Collobert)
Copyright (c) 2012-2014 Deepmind Technologies    (Koray Kavukcuoglu)
Copyright (c) 2011-2012 NEC Laboratories America (Koray Kavukcuoglu)
Copyright (c) 2011-2013 NYU                      (Clement Farabet)
Copyright (c) 2006-2010 NEC Laboratories America (Ronan Collobert, Leon Bottou, Iain Melvin, Jason Weston)
Copyright (c) 2006      Idiap Research Institute (Samy Bengio)
Copyright (c) 2001-2004 Idiap Research Institute (Ronan Collobert, Samy Bengio, Johnny Mariethoz)
Copyright (c) 2015      Google Inc.
Copyright (c) 2015      Yangqing Jia
Copyright (c) 2013-2016 The Caffe contributors
All rights reserved.

Various files include modifications (c) NVIDIA CORPORATION & AFFILIATES.  All rights reserved.

GOVERNING TERMS: The software and materials are governed by the NVIDIA Software License Agreement
(found at https://www.nvidia.com/en-us/agreements/enterprise-software/nvidia-software-license-agreement/)
and the Product-Specific Terms for NVIDIA AI Products
(found at https://www.nvidia.com/en-us/agreements/enterprise-software/product-specific-terms-for-ai-products/).

NOTE: CUDA Forward Compatibility mode ENABLED.
  Using CUDA 13.3 driver version 610.43.02 with kernel driver version 580.178.04.
  See https://docs.nvidia.com/deploy/cuda-compatibility/ for details.

CNN-F-E1-rolling-seed1 0 512 256 8.07
CNN-F-E1-rolling-seed1 1 512 256 7.78
CNN-F-E1-rolling-seed1 2 512 256 7.82
CNN-F-E1-rolling-seed1 3 512 256 7.82
CNN-F-E1-rolling-seed1 4 512 256 7.84
CNN-F-E1-rolling-seed1 5 512 256 7.83
CNN-F-E1-rolling-seed1 6 2000 256 30.75
CNN-F-E1-rolling-seed1 7 2000 256 30.75
CNN-F-E1-rolling-seed1 8 2000 256 30.77
CNN-F-E1-rolling-seed1 9 2000 256 30.74
CNN-F-E1-rolling-seed1 10 2000 256 30.78
CNN-F-E1-rolling-seed1 11 512 256 7.87
CNN-F-E1-rolling-seed1 12 2000 256 30.77
CNN-F-E1-rolling-seed1 13 512 256 7.88
CNN-F-E1-rolling-seed1 14 512 256 7.91
CNN-F-E1-rolling-seed1 15 2000 256 30.78
CNN-F-E1-rolling-seed1 16 512 256 7.87
CNN-F-E1-rolling-seed1 17 2000 256 30.83
CNN-F-E1-rolling-seed1 18 512 256 7.87
CNN-F-E1-rolling-seed1 19 2000 256 30.8
CNN-F-E1-rolling-seed1 20 2000 256 30.82
CNN-F-E1-rolling-seed1 21 2000 256 30.8
CNN-F-E1-rolling-seed1 22 2000 256 30.87
CNN-F-E1-rolling-seed1 23 2000 256 30.81
CNN-F-E1-rolling-seed1 24 2000 256 30.83
CNN-F-E1-rolling-seed1 25 2000 256 30.79
CNN-F-E1-rolling-seed1 26 2000 256 30.82
CNN-F-E1-rolling-seed1 27 2000 256 30.79
CNN-F-E1-rolling-seed1 28 512 256 7.88
CNN-F-E1-rolling-seed1 29 2000 256 30.85
CNN-F-E1-rolling-seed1 30 512 256 7.89
CNN-F-E1-rolling-seed1 31 2000 256 30.8
CNN-F-E1-rolling-seed1 32 512 256 7.9
CNN-F-E1-rolling-seed1 33 512 256 7.89
CNN-F-E1-rolling-seed1 34 512 256 7.88
CNN-F-E1-rolling-seed1 35 2000 256 30.8
CNN-F-E1-rolling-seed1 36 2000 256 30.84
CNN-F-E1-rolling-seed1 37 2000 256 30.8
CNN-F-E1-rolling-seed1 38 2000 256 30.82
CNN-F-E1-rolling-seed1 39 2000 256 30.8
CNN-F-E1-rolling-seed1 40 2000 256 30.82
CNN-F-E1-rolling-seed1 41 2000 256 30.81
CNN-F-E1-rolling-seed1 42 2000 256 30.82
CNN-F-E1-rolling-seed1 43 2000 256 30.8
CNN-F-E1-rolling-seed1 44 2000 256 30.83
CNN-F-E1-rolling-seed1 45 2000 256 30.8
CNN-F-E1-rolling-seed1 46 2000 256 30.82
CNN-F-E1-rolling-seed1 47 512 256 7.89
CNN-F-E1-rolling-seed1 48 512 256 7.88
CNN-F-E1-rolling-seed1 49 512 256 7.86
CNN-F-E1-rolling-seed1 50 512 256 7.87
CNN-F-E1-rolling-seed1 51 2000 256 30.85
CNN-F-E1-rolling-seed1 52 512 256 7.9
CNN-F-E1-rolling-seed1 53 2000 256 30.8
CNN-F-E1-rolling-seed1 54 2000 256 30.81
CNN-F-E1-rolling-seed1 55 2000 256 30.8
CNN-F-E1-rolling-seed1 56 512 256 7.89
CNN-F-E1-rolling-seed1 57 2000 256 30.8
CNN-F-E1-rolling-seed1 58 2000 256 30.84
CNN-F-E1-rolling-seed1 59 512 256 7.87
CNN-F-E1-rolling-seed1 60 2000 256 30.8
CNN-F-E1-rolling-seed1 61 512 256 7.89
CNN-F-E1-rolling-seed1 62 2000 256 30.81
CNN-F-E1-rolling-seed1 63 2000 256 30.81
CNN-F-E1-rolling-seed1 64 2000 256 30.81
CNN-F-E1-rolling-seed1 65 2000 256 30.8
CNN-F-E1-rolling-seed1 66 2000 256 30.8
CNN-F-E1-rolling-seed1 67 2000 256 30.85
CNN-F-E1-rolling-seed1 68 512 256 7.95
CNN-F-E1-rolling-seed1 69 512 256 8.04
CNN-F-E1-rolling-seed1 70 512 256 8.08
CNN-F-E1-rolling-seed1 71 2000 256 31.5
CNN-F-E1-rolling-seed1 72 2000 256 30.84
CNN-F-E1-rolling-seed1 73 2000 256 30.81
CNN-F-E1-rolling-seed1 74 512 256 7.89
CNN-F-E1-rolling-seed1 75 512 256 7.9
CNN-F-E1-rolling-seed1 76 2000 256 30.8
CNN-F-E1-rolling-seed1 77 2000 256 30.82
CNN-F-E1-rolling-seed1 78 512 256 7.87
CNN-F-E1-rolling-seed1 79 2000 256 30.79
CNN-F-E1-rolling-seed1 80 512 256 7.89
CNN-F-E1-rolling-seed1 81 512 256 7.87
CNN-F-E1-rolling-seed1 82 512 256 7.91
CNN-F-E1-rolling-seed1 83 2000 256 30.81
CNN-F-E1-rolling-seed1 84 2000 256 30.83
CNN-F-E1-rolling-seed1 85 2000 256 30.86
CNN-F-E1-rolling-seed1 86 512 256 7.87
CNN-F-E1-rolling-seed1 87 2000 256 30.84
CNN-F-E1-rolling-seed1 88 512 256 7.88
CNN-F-E1-rolling-seed1 89 512 256 7.88
CNN-F-E1-rolling-seed1 90 2000 256 30.82
CNN-F-E1-rolling-seed1 91 2000 256 30.82
CNN-F-E1-rolling-seed1 92 512 256 7.89
CNN-F-E1-rolling-seed1 93 2000 256 30.83
CNN-F-E1-rolling-seed1 94 512 256 7.89
CNN-F-E1-rolling-seed1 95 512 256 7.88
CNN-F-E1-rolling-seed1 96 2000 256 30.83
CNN-F-E1-rolling-seed1 97 2000 256 30.85
CNN-F-E1-rolling-seed1 98 2000 256 30.81
CNN-F-E1-rolling-seed1 99 512 256 7.87
CNN-F-E1-rolling-seed1 100 2000 256 30.87
CNN-F-E1-rolling-seed1 101 2000 256 30.8
CNN-F-E1-rolling-seed1 102 2000 256 30.86
CNN-F-E1-rolling-seed1 103 2000 256 30.8
CNN-F-E1-rolling-seed1 104 512 256 7.92
CNN-F-E1-rolling-seed1 105 2000 256 30.83
CNN-F-E1-rolling-seed1 106 2000 256 30.84
CNN-F-E1-rolling-seed1 107 2000 256 30.81
CNN-F-E1-rolling-seed1 108 2000 256 30.85
CNN-F-E1-rolling-seed1 109 512 256 7.88
CNN-F-E1-rolling-seed1 110 2000 256 30.82
CNN-F-E1-rolling-seed1 111 512 256 7.88
CNN-F-E1-rolling-seed1 112 2000 256 30.84
CNN-F-E1-rolling-seed1 113 512 256 7.89
CNN-F-E1-rolling-seed1 114 512 256 7.89
CNN-F-E1-rolling-seed1 115 2000 256 30.87
CNN-F-E1-rolling-seed1 116 2000 256 30.83
CNN-F-E1-rolling-seed1 117 2000 256 30.85
CNN-F-E1-rolling-seed1 118 2000 256 30.83
CNN-F-E1-rolling-seed1 119 2000 256 30.85
CNN-F-E1-rolling-seed1 120 512 256 7.88
CNN-F-E1-rolling-seed1 121 2000 256 30.81
CNN-F-E1-rolling-seed1 122 512 256 7.88
CNN-F-E1-rolling-seed1 123 512 256 7.89
CNN-F-E1-rolling-seed1 124 2000 256 30.83
CNN-F-E1-rolling-seed1 125 2000 256 30.83
CNN-F-E1-rolling-seed1 126 512 256 7.89
CNN-F-E1-rolling-seed1 127 512 256 7.88
CNN-F-E1-rolling-seed1 128 2000 256 30.84
CNN-F-E1-rolling-seed1 129 512 256 7.89
CNN-F-E1-rolling-seed1 130 512 256 7.89
CNN-F-E1-rolling-seed1 131 2000 256 30.84
CNN-F-E1-rolling-seed1 132 2000 256 30.82
CNN-F-E1-rolling-seed1 133 512 256 7.89
CNN-F-E1-rolling-seed1 134 2000 256 30.83
CNN-F-E1-rolling-seed1 135 2000 256 30.84
CNN-F-E1-rolling-seed1 136 2000 256 30.79
CNN-F-E1-rolling-seed1 137 2000 256 30.84
CNN-F-E1-rolling-seed1 138 512 256 7.88
CNN-F-E1-rolling-seed1 139 2000 256 30.79
CNN-F-E1-rolling-seed1 140 2000 256 30.84
CNN-F-E1-rolling-seed1 141 2000 256 30.82
CNN-F-E1-rolling-seed1 142 512 256 7.88
CNN-F-E1-rolling-seed1 143 2000 256 30.81
CNN-F-E1-rolling-seed1 144 512 256 7.89
CNN-F-E1-rolling-seed1 145 2000 256 30.86
CNN-F-E1-rolling-seed1 146 2000 256 30.8
CNN-F-E1-rolling-seed1 147 512 256 7.88
CNN-F-E1-rolling-seed1 148 512 256 7.9
CNN-F-E1-rolling-seed1 149 2000 256 30.84
CNN-F-E1-rolling-seed1 150 512 256 7.89
CNN-F-E1-rolling-seed1 151 512 256 7.9
CNN-F-E1-rolling-seed1 152 2000 256 30.9
CNN-F-E1-rolling-seed1 153 2000 256 30.84
CNN-F-E1-rolling-seed1 154 512 256 7.88
CNN-F-E1-rolling-seed1 155 2000 256 30.86
CNN-F-E1-rolling-seed1 156 2000 256 30.83
CNN-F-E1-rolling-seed1 157 2000 256 30.89
CNN-F-E1-rolling-seed1 158 512 256 7.91
CNN-F-E1-rolling-seed1 159 2000 256 30.86
CNN-F-E1-rolling-seed1 160 2000 256 30.9
CNN-F-E1-rolling-seed1 161 512 256 7.89
CNN-F-E1-rolling-seed1 162 2000 256 30.85
CNN-F-E1-rolling-seed1 163 2000 256 30.87
CNN-F-E1-rolling-seed1 164 2000 256 30.97
CNN-F-E1-rolling-seed1 165 512 256 7.94
CNN-F-E1-rolling-seed1 166 2000 256 30.99
CNN-F-E1-rolling-seed1 167 2000 256 30.82
CNN-F-E1-rolling-seed1 168 2000 256 30.82
CNN-F-E1-rolling-seed1 169 512 256 7.89
CNN-F-E1-rolling-seed1 170 2000 256 30.83
CNN-F-E1-rolling-seed1 171 512 256 7.88
CNN-F-E1-rolling-seed1 172 512 256 7.88
CNN-F-E1-rolling-seed1 173 2000 256 30.85
CNN-F-E1-rolling-seed1 174 512 256 7.9
CNN-F-E1-rolling-seed1 175 512 256 7.88
CNN-F-E1-rolling-seed1 176 512 256 7.88
CNN-F-E1-rolling-seed1 177 512 256 7.88
CNN-F-E1-rolling-seed1 178 2000 256 30.85
CNN-F-E1-rolling-seed1 179 2000 256 30.8
CNN-F-E1-rolling-seed1 180 2000 256 30.83
CNN-F-E1-rolling-seed1 181 2000 256 30.8
CNN-F-E1-rolling-seed1 182 512 256 7.9
CNN-F-E1-rolling-seed1 183 512 256 7.87
CNN-F-E1-rolling-seed1 184 2000 256 30.84
CNN-F-E1-rolling-seed1 185 2000 256 30.82
CNN-F-E1-rolling-seed1 186 2000 256 30.82
CNN-F-E1-rolling-seed1 187 2000 256 30.81
CNN-F-E1-rolling-seed1 188 2000 256 30.84
CNN-F-E1-rolling-seed1 189 512 256 7.87
CNN-F-E1-rolling-seed1 190 2000 256 30.83
CNN-F-E1-rolling-seed1 191 2000 256 30.81
CNN-F-E1-rolling-seed1 192 512 256 7.91
CNN-F-E1-rolling-seed1 193 2000 256 30.84
CNN-F-E1-rolling-seed1 194 2000 256 30.82
CNN-F-E1-rolling-seed1 195 2000 256 30.81
CNN-F-E1-rolling-seed1 196 2000 256 30.83
CNN-F-E1-rolling-seed1 197 512 256 7.88
CNN-F-E1-rolling-seed1 198 512 256 7.88
CNN-F-E1-rolling-seed1 199 512 256 7.89
